Archive member included to satisfy reference by file (symbol)

c:/st/stm32cubeide_1.10.1/stm32cubeide/plugins/com.st.stm32cube.ide.mcu.externaltools.gnu-tools-for-stm32.10.3-2021.10.win32_1.0.0.202111181127/tools/bin/../lib/gcc/arm-none-eabi/10.3.1/../../../../arm-none-eabi/lib/thumb/v7e-m+fp/hard\libc_nano.a(lib_a-errno.o)
                              ./Core/Src/syscalls.o (__errno)
c:/st/stm32cubeide_1.10.1/stm32cubeide/plugins/com.st.stm32cube.ide.mcu.externaltools.gnu-tools-for-stm32.10.3-2021.10.win32_1.0.0.202111181127/tools/bin/../lib/gcc/arm-none-eabi/10.3.1/../../../../arm-none-eabi/lib/thumb/v7e-m+fp/hard\libc_nano.a(lib_a-exit.o)
                              c:/st/stm32cubeide_1.10.1/stm32cubeide/plugins/com.st.stm32cube.ide.mcu.externaltools.gnu-tools-for-stm32.10.3-2021.10.win32_1.0.0.202111181127/tools/bin/../lib/gcc/arm-none-eabi/10.3.1/../../../../arm-none-eabi/lib/thumb/v7e-m+fp/hard/crt0.o (exit)
c:/st/stm32cubeide_1.10.1/stm32cubeide/plugins/com.st.stm32cube.ide.mcu.externaltools.gnu-tools-for-stm32.10.3-2021.10.win32_1.0.0.202111181127/tools/bin/../lib/gcc/arm-none-eabi/10.3.1/../../../../arm-none-eabi/lib/thumb/v7e-m+fp/hard\libc_nano.a(lib_a-impure.o)
                              c:/st/stm32cubeide_1.10.1/stm32cubeide/plugins/com.st.stm32cube.ide.mcu.externaltools.gnu-tools-for-stm32.10.3-2021.10.win32_1.0.0.202111181127/tools/bin/../lib/gcc/arm-none-eabi/10.3.1/../../../../arm-none-eabi/lib/thumb/v7e-m+fp/hard\libc_nano.a(lib_a-exit.o) (_global_impure_ptr)
c:/st/stm32cubeide_1.10.1/stm32cubeide/plugins/com.st.stm32cube.ide.mcu.externaltools.gnu-tools-for-stm32.10.3-2021.10.win32_1.0.0.202111181127/tools/bin/../lib/gcc/arm-none-eabi/10.3.1/../../../../arm-none-eabi/lib/thumb/v7e-m+fp/hard\libc_nano.a(lib_a-init.o)
                              c:/st/stm32cubeide_1.10.1/stm32cubeide/plugins/com.st.stm32cube.ide.mcu.externaltools.gnu-tools-for-stm32.10.3-2021.10.win32_1.0.0.202111181127/tools/bin/../lib/gcc/arm-none-eabi/10.3.1/../../../../arm-none-eabi/lib/thumb/v7e-m+fp/hard/crt0.o (__libc_init_array)
c:/st/stm32cubeide_1.10.1/stm32cubeide/plugins/com.st.stm32cube.ide.mcu.externaltools.gnu-tools-for-stm32.10.3-2021.10.win32_1.0.0.202111181127/tools/bin/../lib/gcc/arm-none-eabi/10.3.1/../../../../arm-none-eabi/lib/thumb/v7e-m+fp/hard\libc_nano.a(lib_a-memset.o)
                              c:/st/stm32cubeide_1.10.1/stm32cubeide/plugins/com.st.stm32cube.ide.mcu.externaltools.gnu-tools-for-stm32.10.3-2021.10.win32_1.0.0.202111181127/tools/bin/../lib/gcc/arm-none-eabi/10.3.1/../../../../arm-none-eabi/lib/thumb/v7e-m+fp/hard/crt0.o (memset)
c:/st/stm32cubeide_1.10.1/stm32cubeide/plugins/com.st.stm32cube.ide.mcu.externaltools.gnu-tools-for-stm32.10.3-2021.10.win32_1.0.0.202111181127/tools/bin/../lib/gcc/arm-none-eabi/10.3.1/thumb/v7e-m+fp/hard\libgcc.a(_arm_muldf3.o)
                              ./Core/Src/main.o (__aeabi_dmul)
c:/st/stm32cubeide_1.10.1/stm32cubeide/plugins/com.st.stm32cube.ide.mcu.externaltools.gnu-tools-for-stm32.10.3-2021.10.win32_1.0.0.202111181127/tools/bin/../lib/gcc/arm-none-eabi/10.3.1/thumb/v7e-m+fp/hard\libgcc.a(_arm_addsubdf3.o)
                              ./Core/Src/main.o (__aeabi_f2d)
c:/st/stm32cubeide_1.10.1/stm32cubeide/plugins/com.st.stm32cube.ide.mcu.externaltools.gnu-tools-for-stm32.10.3-2021.10.win32_1.0.0.202111181127/tools/bin/../lib/gcc/arm-none-eabi/10.3.1/thumb/v7e-m+fp/hard\libgcc.a(_arm_muldivdf3.o)
                              ./Core/Src/main.o (__aeabi_ddiv)
c:/st/stm32cubeide_1.10.1/stm32cubeide/plugins/com.st.stm32cube.ide.mcu.externaltools.gnu-tools-for-stm32.10.3-2021.10.win32_1.0.0.202111181127/tools/bin/../lib/gcc/arm-none-eabi/10.3.1/thumb/v7e-m+fp/hard\libgcc.a(_arm_truncdfsf2.o)
                              ./Core/Src/main.o (__aeabi_d2f)
c:/st/stm32cubeide_1.10.1/stm32cubeide/plugins/com.st.stm32cube.ide.mcu.externaltools.gnu-tools-for-stm32.10.3-2021.10.win32_1.0.0.202111181127/tools/bin/../lib/gcc/arm-none-eabi/10.3.1/thumb/v7e-m+fp/hard\libgcc.a(_aeabi_ldivmod.o)
                              ./Core/Src/BME280.o (__aeabi_ldivmod)
c:/st/stm32cubeide_1.10.1/stm32cubeide/plugins/com.st.stm32cube.ide.mcu.externaltools.gnu-tools-for-stm32.10.3-2021.10.win32_1.0.0.202111181127/tools/bin/../lib/gcc/arm-none-eabi/10.3.1/thumb/v7e-m+fp/hard\libgcc.a(_aeabi_uldivmod.o)
                              ./Drivers/STM32F4xx_HAL_Driver/Src/stm32f4xx_hal_rcc.o (__aeabi_uldivmod)
c:/st/stm32cubeide_1.10.1/stm32cubeide/plugins/com.st.stm32cube.ide.mcu.externaltools.gnu-tools-for-stm32.10.3-2021.10.win32_1.0.0.202111181127/tools/bin/../lib/gcc/arm-none-eabi/10.3.1/thumb/v7e-m+fp/hard\libgcc.a(_udivmoddi4.o)
                              c:/st/stm32cubeide_1.10.1/stm32cubeide/plugins/com.st.stm32cube.ide.mcu.externaltools.gnu-tools-for-stm32.10.3-2021.10.win32_1.0.0.202111181127/tools/bin/../lib/gcc/arm-none-eabi/10.3.1/thumb/v7e-m+fp/hard\libgcc.a(_aeabi_ldivmod.o) (__udivmoddi4)
[...]
Memory Configuration

Name             Origin             Length             Attributes
CCMRAM           0x0000000010000000 0x0000000000010000 xrw
RAM              0x0000000020000000 0x0000000000020000 xrw
FLASH            0x0000000008000000 0x0000000000100000 xr
*default*        0x0000000000000000 0xffffffffffffffff

Linker script and memory map

LOAD c:/st/stm32cubeide_1.10.1/stm32cubeide/plugins/com.st.stm32cube.ide.mcu.externaltools.gnu-tools-for-stm32.10.3-2021.10.win32_1.0.0.202111181127/tools/bin/../lib/gcc/arm-none-eabi/10.3.1/thumb/v7e-m+fp/hard/crti.o
LOAD c:/st/stm32cubeide_1.10.1/stm32cubeide/plugins/com.st.stm32cube.ide.mcu.externaltools.gnu-tools-for-stm32.10.3-2021.10.win32_1.0.0.202111181127/tools/bin/../lib/gcc/arm-none-eabi/10.3.1/thumb/v7e-m+fp/hard/crtbegin.o
LOAD c:/st/stm32cubeide_1.10.1/stm32cubeide/plugins/com.st.stm32cube.ide.mcu.externaltools.gnu-tools-for-stm32.10.3-2021.10.win32_1.0.0.202111181127/tools/bin/../lib/gcc/arm-none-eabi/10.3.1/../../../../arm-none-eabi/lib/thumb/v7e-m+fp/hard/crt0.o
LOAD ./Components/Servo/Servo.o
LOAD ./Components/Servo/Servo_cfg.o
LOAD ./Core/Src/BME280.o
LOAD ./Core/Src/GPS.o
LOAD ./Core/Src/MPU6050.o
LOAD ./Core/Src/main.o
LOAD ./Core/Src/stm32f4xx_hal_msp.o
LOAD ./Core/Src/stm32f4xx_it.o
LOAD ./Core/Src/syscalls.o
LOAD ./Core/Src/sysmem.o
LOAD ./Core/Src/system_stm32f4xx.o
LOAD ./Core/Startup/startup_stm32f405rgtx.o
LOAD ./Drivers/STM32F4xx_HAL_Driver/Src/stm32f4xx_hal.o
LOAD ./Drivers/STM32F4xx_HAL_Driver/Src/stm32f4xx_hal_adc.o
LOAD ./Drivers/STM32F4xx_HAL_Driver/Src/stm32f4xx_hal_adc_ex.o
LOAD ./Drivers/STM32F4xx_HAL_Driver/Src/stm32f4xx_hal_cortex.o
LOAD ./Drivers/STM32F4xx_HAL_Driver/Src/stm32f4xx_hal_dma.o
LOAD ./Drivers/STM32F4xx_HAL_Driver/Src/stm32f4xx_hal_dma_ex.o
LOAD ./Drivers/STM32F4xx_HAL_Driver/Src/stm32f4xx_hal_exti.o
LOAD ./Drivers/STM32F4xx_HAL_Driver/Src/stm32f4xx_hal_flash.o
LOAD ./Drivers/STM32F4xx_HAL_Driver/Src/stm32f4xx_hal_flash_ex.o
LOAD ./Drivers/STM32F4xx_HAL_Driver/Src/stm32f4xx_hal_flash_ramfunc.o
LOAD ./Drivers/STM32F4xx_HAL_Driver/Src/stm32f4xx_hal_gpio.o
LOAD ./Drivers/STM32F4xx_HAL_Driver/Src/stm32f4xx_hal_i2c.o
LOAD ./Drivers/STM32F4xx_HAL_Driver/Src/stm32f4xx_hal_i2c_ex.o
LOAD ./Drivers/STM32F4xx_HAL_Driver/Src/stm32f4xx_hal_pcd.o
LOAD ./Drivers/STM32F4xx_HAL_Driver/Src/stm32f4xx_hal_pcd_ex.o
LOAD ./Drivers/STM32F4xx_HAL_Driver/Src/stm32f4xx_hal_pwr.o
LOAD ./Drivers/STM32F4xx_HAL_Driver/Src/stm32f4xx_hal_pwr_ex.o
LOAD ./Drivers/STM32F4xx_HAL_Driver/Src/stm32f4xx_hal_rcc.o
LOAD ./Drivers/STM32F4xx_HAL_Driver/Src/stm32f4xx_hal_rcc_ex.o
LOAD ./Drivers/STM32F4xx_HAL_Driver/Src/stm32f4xx_hal_spi.o
LOAD ./Drivers/STM32F4xx_HAL_Driver/Src/stm32f4xx_hal_tim.o
LOAD ./Drivers/STM32F4xx_HAL_Driver/Src/stm32f4xx_hal_tim_ex.o
LOAD ./Drivers/STM32F4xx_HAL_Driver/Src/stm32f4xx_hal_uart.o
LOAD ./Drivers/STM32F4xx_HAL_Driver/Src/stm32f4xx_ll_adc.o
LOAD ./Drivers/STM32F4xx_HAL_Driver/Src/stm32f4xx_ll_usb.o
LOAD ./Middlewares/ST/STM32_USB_Device_Library/Class/CDC/Src/usbd_cdc.o
LOAD ./Middlewares/ST/STM32_USB_Device_Library/Core/Src/usbd_core.o
LOAD ./Middlewares/ST/STM32_USB_Device_Library/Core/Src/usbd_ctlreq.o
LOAD ./Middlewares/ST/STM32_USB_Device_Library/Core/Src/usbd_ioreq.o
LOAD ./USB_DEVICE/App/usb_device.o
LOAD ./USB_DEVICE/App/usbd_cdc_if.o
LOAD ./USB_DEVICE/App/usbd_desc.o
LOAD ./USB_DEVICE/Target/usbd_conf.o
START GROUP
LOAD c:/st/stm32cubeide_1.10.1/stm32cubeide/plugins/com.st.stm32cube.ide.mcu.externaltools.gnu-tools-for-stm32.10.3-2021.10.win32_1.0.0.202111181127/tools/bin/../lib/gcc/arm-none-eabi/10.3.1/../../../../arm-none-eabi/lib/thumb/v7e-m+fp/hard\libstdc++_nano.a
LOAD c:/st/stm32cubeide_1.10.1/stm32cubeide/plugins/com.st.stm32cube.ide.mcu.externaltools.gnu-tools-for-stm32.10.3-2021.10.win32_1.0.0.202111181127/tools/bin/../lib/gcc/arm-none-eabi/10.3.1/../../../../arm-none-eabi/lib/thumb/v7e-m+fp/hard\libsupc++_nano.a
END GROUP
LOAD c:/st/stm32cubeide_1.10.1/stm32cubeide/plugins/com.st.stm32cube.ide.mcu.externaltools.gnu-tools-for-stm32.10.3-2021.10.win32_1.0.0.202111181127/tools/bin/../lib/gcc/arm-none-eabi/10.3.1/../../../../arm-none-eabi/lib/thumb/v7e-m+fp/hard\libstdc++_nano.a
LOAD c:/st/stm32cubeide_1.10.1/stm32cubeide/plugins/com.st.stm32cube.ide.mcu.externaltools.gnu-tools-for-stm32.10.3-2021.10.win32_1.0.0.202111181127/tools/bin/../lib/gcc/arm-none-eabi/10.3.1/../../../../arm-none-eabi/lib/thumb/v7e-m+fp/hard\libm.a
LOAD c:/st/stm32cubeide_1.10.1/stm32cubeide/plugins/com.st.stm32cube.ide.mcu.externaltools.gnu-tools-for-stm32.10.3-2021.10.win32_1.0.0.202111181127/tools/bin/../lib/gcc/arm-none-eabi/10.3.1/../../../../arm-none-eabi/lib/thumb/v7e-m+fp/hard\libc_nano.a
START GROUP
LOAD c:/st/stm32cubeide_1.10.1/stm32cubeide/plugins/com.st.stm32cube.ide.mcu.externaltools.gnu-tools-for-stm32.10.3-2021.10.win32_1.0.0.202111181127/tools/bin/../lib/gcc/arm-none-eabi/10.3.1/thumb/v7e-m+fp/hard\libgcc.a
LOAD c:/st/stm32cubeide_1.10.1/stm32cubeide/plugins/com.st.stm32cube.ide.mcu.externaltools.gnu-tools-for-stm32.10.3-2021.10.win32_1.0.0.202111181127/tools/bin/../lib/gcc/arm-none-eabi/10.3.1/../../../../arm-none-eabi/lib/thumb/v7e-m+fp/hard\libc_nano.a
END GROUP
START GROUP
LOAD c:/st/stm32cubeide_1.10.1/stm32cubeide/plugins/com.st.stm32cube.ide.mcu.externaltools.gnu-tools-for-stm32.10.3-2021.10.win32_1.0.0.202111181127/tools/bin/../lib/gcc/arm-none-eabi/10.3.1/thumb/v7e-m+fp/hard\libgcc.a
LOAD c:/st/stm32cubeide_1.10.1/stm32cubeide/plugins/com.st.stm32cube.ide.mcu.externaltools.gnu-tools-for-stm32.10.3-2021.10.win32_1.0.0.202111181127/tools/bin/../lib/gcc/arm-none-eabi/10.3.1/../../../../arm-none-eabi/lib/thumb/v7e-m+fp/hard\libc_nano.a
LOAD c:/st/stm32cubeide_1.10.1/stm32cubeide/plugins/com.st.stm32cube.ide.mcu.externaltools.gnu-tools-for-stm32.10.3-2021.10.win32_1.0.0.202111181127/tools/bin/../lib/gcc/arm-none-eabi/10.3.1/../../../../arm-none-eabi/lib/thumb/v7e-m+fp/hard\libnosys.a
END GROUP
START GROUP
LOAD c:/st/stm32cubeide_1.10.1/stm32cubeide/plugins/com.st.stm32cube.ide.mcu.externaltools.gnu-tools-for-stm32.10.3-2021.10.win32_1.0.0.202111181127/tools/bin/../lib/gcc/arm-none-eabi/10.3.1/thumb/v7e-m+fp/hard\libgcc.a
LOAD c:/st/stm32cubeide_1.10.1/stm32cubeide/plugins/com.st.stm32cube.ide.mcu.externaltools.gnu-tools-for-stm32.10.3-2021.10.win32_1.0.0.202111181127/tools/bin/../lib/gcc/arm-none-eabi/10.3.1/../../../../arm-none-eabi/lib/thumb/v7e-m+fp/hard\libc_nano.a
LOAD c:/st/stm32cubeide_1.10.1/stm32cubeide/plugins/com.st.stm32cube.ide.mcu.externaltools.gnu-tools-for-stm32.10.3-2021.10.win32_1.0.0.202111181127/tools/bin/../lib/gcc/arm-none-eabi/10.3.1/../../../../arm-none-eabi/lib/thumb/v7e-m+fp/hard\libnosys.a
END GROUP
LOAD c:/st/stm32cubeide_1.10.1/stm32cubeide/plugins/com.st.stm32cube.ide.mcu.externaltools.gnu-tools-for-stm32.10.3-2021.10.win32_1.0.0.202111181127/tools/bin/../lib/gcc/arm-none-eabi/10.3.1/thumb/v7e-m+fp/hard/crtend.o
LOAD c:/st/stm32cubeide_1.10.1/stm32cubeide/plugins/com.st.stm32cube.ide.mcu.externaltools.gnu-tools-for-stm32.10.3-2021.10.win32_1.0.0.202111181127/tools/bin/../lib/gcc/arm-none-eabi/10.3.1/thumb/v7e-m+fp/hard/crtn.o
                0x0000000020020000                _estack = (ORIGIN (RAM) + LENGTH (RAM))
                0x0000000000000200                _Min_Heap_Size = 0x200
                0x0000000000000400                _Min_Stack_Size = 0x400

.isr_vector     0x0000000008000000      0x188
                0x0000000008000000                . = ALIGN (0x4)
 *(.isr_vector)
 .isr_vector    0x0000000008000000      0x188 ./Core/Startup/startup_stm32f405rgtx.o
                0x0000000008000000                g_pfnVectors
                0x0000000008000188                . = ALIGN (0x4)

.text           0x0000000008000188     0xbe54
                0x0000000008000188                . = ALIGN (0x4)
 *(.text)
 .text          0x0000000008000188       0x40 c:/st/stm32cubeide_1.10.1/stm32cubeide/plugins/com.st.stm32cube.ide.mcu.externaltools.gnu-tools-for-stm32.10.3-2021.10.win32_1.0.0.202111181127/tools/bin/../lib/gcc/arm-none-eabi/10.3.1/thumb/v7e-m+fp/hard/crtbegin.o
 .text          0x00000000080001c8       0xa0 c:/st/stm32cubeide_1.10.1/stm32cubeide/plugins/com.st.stm32cube.ide.mcu.externaltools.gnu-tools-for-stm32.10.3-2021.10.win32_1.0.0.202111181127/tools/bin/../lib/gcc/arm-none-eabi/10.3.1/thumb/v7e-m+fp/hard\libgcc.a(_aeabi_ldivmod.o)
                0x00000000080001c8                __aeabi_ldivmod
 .text          0x0000000008000268       0x30 c:/st/stm32cubeide_1.10.1/stm32cubeide/plugins/com.st.stm32cube.ide.mcu.externaltools.gnu-tools-for-stm32.10.3-2021.10.win32_1.0.0.202111181127/tools/bin/../lib/gcc/arm-none-eabi/10.3.1/thumb/v7e-m+fp/hard\libgcc.a(_aeabi_uldivmod.o)
                0x0000000008000268                __aeabi_uldivmod
 .text          0x0000000008000298      0x2d0 c:/st/stm32cubeide_1.10.1/stm32cubeide/plugins/com.st.stm32cube.ide.mcu.externaltools.gnu-tools-for-stm32.10.3-2021.10.win32_1.0.0.202111181127/tools/bin/../lib/gcc/arm-none-eabi/10.3.1/thumb/v7e-m+fp/hard\libgcc.a(_udivmoddi4.o)
                0x0000000008000298                __udivmoddi4
 .text          0x0000000008000568        0x4 c:/st/stm32cubeide_1.10.1/stm32cubeide/plugins/com.st.stm32cube.ide.mcu.externaltools.gnu-tools-for-stm32.10.3-2021.10.win32_1.0.0.202111181127/tools/bin/../lib/gcc/arm-none-eabi/10.3.1/thumb/v7e-m+fp/hard\libgcc.a(_dvmd_tls.o)
                0x0000000008000568                __aeabi_idiv0
                0x0000000008000568                __aeabi_ldiv0
 *(.text*)
 .text.BME280_ReadDeviceID
                0x000000000800056c       0x40 ./Core/Src/BME280.o
                0x000000000800056c                BME280_ReadDeviceID
 .text.BME280_Reset
                0x00000000080005ac       0x32 ./Core/Src/BME280.o
                0x00000000080005ac                BME280_Reset
 *fill*         0x00000000080005de        0x2 
 .text.BME280_Init
                0x00000000080005e0       0x7c ./Core/Src/BME280.o
                0x00000000080005e0                BME280_Init
 .text.BME280_ReadCalibData
                0x000000000800065c      0x1b2 ./Core/Src/BME280.o
                0x000000000800065c                BME280_ReadCalibData
 .text.BME280_ReadTemperature
                0x000000000800080e       0x66 ./Core/Src/BME280.o
                0x000000000800080e                BME280_ReadTemperature
 .text.BME280_TemperatureCompesation
                0x0000000008000874       0x74 ./Core/Src/BME280.o
                0x0000000008000874                BME280_TemperatureCompesation
 .text.BME280_ReadPressure
                0x00000000080008e8       0x6c ./Core/Src/BME280.o
                0x00000000080008e8                BME280_ReadPressure
 .text.BME280_PressureCompesation
                0x0000000008000954      0x57a ./Core/Src/BME280.o
                0x0000000008000954                BME280_PressureCompesation
 .text.BME280_ReadHumidity
                0x0000000008000ece       0x5e ./Core/Src/BME280.o
                0x0000000008000ece                BME280_ReadHumidity
 .text.BME280_HumidityCompesation
                0x0000000008000f2c       0xc2 ./Core/Src/BME280.o
                0x0000000008000f2c                BME280_HumidityCompesation
 .text.BME280_ReadRegister
                0x0000000008000fee       0x34 ./Core/Src/BME280.o
                0x0000000008000fee                BME280_ReadRegister
 .text.BME280_ReadRegisters
                0x0000000008001022       0x3c ./Core/Src/BME280.o
                0x0000000008001022                BME280_ReadRegisters
 .text.BME280_WriteRegister
                0x000000000800105e       0x36 ./Core/Src/BME280.o
                0x000000000800105e                BME280_WriteRegister
 .text.main     0x0000000008001094       0xcc ./Core/Src/main.o
                0x0000000008001094                main
 .text.SystemClock_Config
                0x0000000008001160       0xd4 ./Core/Src/main.o
                0x0000000008001160                SystemClock_Config
 .text.MX_ADC1_Init
                0x0000000008001234       0xc0 ./Core/Src/main.o
 .text.MX_I2C3_Init
                0x00000000080012f4       0x5c ./Core/Src/main.o
 .text.MX_SPI1_Init
                0x0000000008001350       0x6c ./Core/Src/main.o
 .text.MX_TIM1_Init
                0x00000000080013bc      0x158 ./Core/Src/main.o
 .text.MX_TIM2_Init
                0x0000000008001514      0x100 ./Core/Src/main.o
 .text.MX_TIM3_Init
                0x0000000008001614      0x130 ./Core/Src/main.o
 .text.MX_TIM4_Init
                0x0000000008001744       0x9c ./Core/Src/main.o
 .text.MX_UART4_Init
                0x00000000080017e0       0x54 ./Core/Src/main.o
 .text.MX_GPIO_Init
                0x0000000008001834      0x164 ./Core/Src/main.o
 .text.HAL_UART_RxCpltCallback
                0x0000000008001998       0x24 ./Core/Src/main.o
                0x0000000008001998                HAL_UART_RxCpltCallback
 .text.HAL_TIM_PeriodElapsedCallback
                0x00000000080019bc       0x88 ./Core/Src/main.o
                0x00000000080019bc                HAL_TIM_PeriodElapsedCallback
 .text.Error_Handler
                0x0000000008001a44        0xa ./Core/Src/main.o
                0x0000000008001a44                Error_Handler
 *fill*         0x0000000008001a4e        0x2 
 .text.HAL_MspInit
                0x0000000008001a50       0x50 ./Core/Src/stm32f4xx_hal_msp.o
                0x0000000008001a50                HAL_MspInit
 .text.HAL_ADC_MspInit
                0x0000000008001aa0       0x88 ./Core/Src/stm32f4xx_hal_msp.o
                0x0000000008001aa0                HAL_ADC_MspInit
 .text.HAL_I2C_MspInit
                0x0000000008001b28       0xd4 ./Core/Src/stm32f4xx_hal_msp.o
                0x0000000008001b28                HAL_I2C_MspInit
 .text.HAL_SPI_MspInit
                0x0000000008001bfc       0x90 ./Core/Src/stm32f4xx_hal_msp.o
                0x0000000008001bfc                HAL_SPI_MspInit
 .text.HAL_TIM_Base_MspInit
                0x0000000008001c8c       0xd0 ./Core/Src/stm32f4xx_hal_msp.o
                0x0000000008001c8c                HAL_TIM_Base_MspInit
 .text.HAL_TIM_MspPostInit
                0x0000000008001d5c      0x18c ./Core/Src/stm32f4xx_hal_msp.o
                0x0000000008001d5c                HAL_TIM_MspPostInit
 .text.HAL_UART_MspInit
                0x0000000008001ee8       0xa0 ./Core/Src/stm32f4xx_hal_msp.o
                0x0000000008001ee8                HAL_UART_MspInit
 .text.NMI_Handler
                0x0000000008001f88        0x6 ./Core/Src/stm32f4xx_it.o
                0x0000000008001f88                NMI_Handler
 .text.HardFault_Handler
                0x0000000008001f8e        0x6 ./Core/Src/stm32f4xx_it.o
                0x0000000008001f8e                HardFault_Handler
 .text.MemManage_Handler
                0x0000000008001f94        0x6 ./Core/Src/stm32f4xx_it.o
                0x0000000008001f94                MemManage_Handler
 .text.BusFault_Handler
                0x0000000008001f9a        0x6 ./Core/Src/stm32f4xx_it.o
                0x0000000008001f9a                BusFault_Handler
 .text.UsageFault_Handler
                0x0000000008001fa0        0x6 ./Core/Src/stm32f4xx_it.o
                0x0000000008001fa0                UsageFault_Handler
 .text.SVC_Handler
                0x0000000008001fa6        0xe ./Core/Src/stm32f4xx_it.o
                0x0000000008001fa6                SVC_Handler
 .text.DebugMon_Handler
                0x0000000008001fb4        0xe ./Core/Src/stm32f4xx_it.o
                0x0000000008001fb4                DebugMon_Handler
 .text.PendSV_Handler
                0x0000000008001fc2        0xe ./Core/Src/stm32f4xx_it.o
                0x0000000008001fc2                PendSV_Handler
 .text.SysTick_Handler
                0x0000000008001fd0        0xc ./Core/Src/stm32f4xx_it.o
                0x0000000008001fd0                SysTick_Handler
 .text.TIM4_IRQHandler
                0x0000000008001fdc       0x14 ./Core/Src/stm32f4xx_it.o
                0x0000000008001fdc                TIM4_IRQHandler
 .text.UART4_IRQHandler
                0x0000000008001ff0       0x14 ./Core/Src/stm32f4xx_it.o
                0x0000000008001ff0                UART4_IRQHandler
 .text.OTG_FS_IRQHandler
                0x0000000008002004       0x14 ./Core/Src/stm32f4xx_it.o
                0x0000000008002004                OTG_FS_IRQHandler
 .text.SystemInit
                0x0000000008002018       0x24 ./Core/Src/system_stm32f4xx.o
                0x0000000008002018                SystemInit
 .text.Reset_Handler
                0x000000000800203c       0x50 ./Core/Startup/startup_stm32f405rgtx.o
                0x000000000800203c                Reset_Handler
 .text.Default_Handler
                0x000000000800208c        0x2 ./Core/Startup/startup_stm32f405rgtx.o
                0x000000000800208c                RTC_Alarm_IRQHandler
                0x000000000800208c                HASH_RNG_IRQHandler
                0x000000000800208c                EXTI2_IRQHandler
                0x000000000800208c                TIM8_CC_IRQHandler
                0x000000000800208c                TIM1_CC_IRQHandler
                0x000000000800208c                DMA2_Stream5_IRQHandler
                0x000000000800208c                DMA1_Stream5_IRQHandler
                0x000000000800208c                PVD_IRQHandler
                0x000000000800208c                SDIO_IRQHandler
                0x000000000800208c                TAMP_STAMP_IRQHandler
                0x000000000800208c                CAN2_RX1_IRQHandler
                0x000000000800208c                EXTI3_IRQHandler
                0x000000000800208c                TIM8_TRG_COM_TIM14_IRQHandler
                0x000000000800208c                TIM1_UP_TIM10_IRQHandler
                0x000000000800208c                TIM8_UP_TIM13_IRQHandler
                0x000000000800208c                I2C3_ER_IRQHandler
                0x000000000800208c                EXTI0_IRQHandler
                0x000000000800208c                I2C2_EV_IRQHandler
                0x000000000800208c                DMA1_Stream2_IRQHandler
                0x000000000800208c                CAN1_RX0_IRQHandler
                0x000000000800208c                FPU_IRQHandler
                0x000000000800208c                OTG_HS_WKUP_IRQHandler
                0x000000000800208c                CAN2_SCE_IRQHandler
                0x000000000800208c                DMA2_Stream2_IRQHandler
                0x000000000800208c                SPI1_IRQHandler
                0x000000000800208c                TIM6_DAC_IRQHandler
                0x000000000800208c                TIM1_BRK_TIM9_IRQHandler
                0x000000000800208c                CAN2_RX0_IRQHandler
                0x000000000800208c                DMA2_Stream3_IRQHandler
                0x000000000800208c                USART6_IRQHandler
                0x000000000800208c                USART3_IRQHandler
                0x000000000800208c                CAN1_RX1_IRQHandler
                0x000000000800208c                UART5_IRQHandler
                0x000000000800208c                DMA2_Stream0_IRQHandler
                0x000000000800208c                I2C1_EV_IRQHandler
                0x000000000800208c                DMA1_Stream6_IRQHandler
                0x000000000800208c                DMA1_Stream1_IRQHandler
                0x000000000800208c                TIM3_IRQHandler
                0x000000000800208c                RCC_IRQHandler
                0x000000000800208c                TIM8_BRK_TIM12_IRQHandler
                0x000000000800208c                Default_Handler
                0x000000000800208c                EXTI15_10_IRQHandler
                0x000000000800208c                ADC_IRQHandler
                0x000000000800208c                DMA1_Stream7_IRQHandler
                0x000000000800208c                TIM7_IRQHandler
                0x000000000800208c                CAN2_TX_IRQHandler
                0x000000000800208c                TIM5_IRQHandler
                0x000000000800208c                DMA2_Stream7_IRQHandler
                0x000000000800208c                I2C3_EV_IRQHandler
                0x000000000800208c                EXTI9_5_IRQHandler
                0x000000000800208c                RTC_WKUP_IRQHandler
                0x000000000800208c                SPI2_IRQHandler
                0x000000000800208c                OTG_HS_EP1_IN_IRQHandler
                0x000000000800208c                DMA1_Stream0_IRQHandler
                0x000000000800208c                CAN1_TX_IRQHandler
                0x000000000800208c                EXTI4_IRQHandler
                0x000000000800208c                FSMC_IRQHandler
                0x000000000800208c                OTG_HS_EP1_OUT_IRQHandler
                0x000000000800208c                WWDG_IRQHandler
                0x000000000800208c                TIM2_IRQHandler
                0x000000000800208c                OTG_FS_WKUP_IRQHandler
                0x000000000800208c                TIM1_TRG_COM_TIM11_IRQHandler
                0x000000000800208c                OTG_HS_IRQHandler
                0x000000000800208c                EXTI1_IRQHandler
                0x000000000800208c                USART2_IRQHandler
                0x000000000800208c                I2C2_ER_IRQHandler
                0x000000000800208c                DMA2_Stream1_IRQHandler
                0x000000000800208c                CAN1_SCE_IRQHandler
                0x000000000800208c                FLASH_IRQHandler
                0x000000000800208c                DMA2_Stream4_IRQHandler
                0x000000000800208c                USART1_IRQHandler
                0x000000000800208c                SPI3_IRQHandler
                0x000000000800208c                DMA1_Stream4_IRQHandler
                0x000000000800208c                I2C1_ER_IRQHandler
                0x000000000800208c                DMA2_Stream6_IRQHandler
                0x000000000800208c                DMA1_Stream3_IRQHandler
 *fill*         0x000000000800208e        0x2 
 .text.HAL_Init
                0x0000000008002090       0x44 ./Drivers/STM32F4xx_HAL_Driver/Src/stm32f4xx_hal.o
                0x0000000008002090                HAL_Init
 .text.HAL_InitTick
                0x00000000080020d4       0x60 ./Drivers/STM32F4xx_HAL_Driver/Src/stm32f4xx_hal.o
                0x00000000080020d4                HAL_InitTick
 .text.HAL_IncTick
                0x0000000008002134       0x28 ./Drivers/STM32F4xx_HAL_Driver/Src/stm32f4xx_hal.o
                0x0000000008002134                HAL_IncTick
 .text.HAL_GetTick
                0x000000000800215c       0x18 ./Drivers/STM32F4xx_HAL_Driver/Src/stm32f4xx_hal.o
                0x000000000800215c                HAL_GetTick
 .text.HAL_Delay
                0x0000000008002174       0x48 ./Drivers/STM32F4xx_HAL_Driver/Src/stm32f4xx_hal.o
                0x0000000008002174                HAL_Delay
 .text.HAL_ADC_Init
                0x00000000080021bc       0x86 ./Drivers/STM32F4xx_HAL_Driver/Src/stm32f4xx_hal_adc.o
                0x00000000080021bc                HAL_ADC_Init
 *fill*         0x0000000008002242        0x2 
 .text.HAL_ADC_ConfigChannel
                0x0000000008002244      0x244 ./Drivers/STM32F4xx_HAL_Driver/Src/stm32f4xx_hal_adc.o
                0x0000000008002244                HAL_ADC_ConfigChannel
 .text.ADC_Init
                0x0000000008002488      0x1f8 ./Drivers/STM32F4xx_HAL_Driver/Src/stm32f4xx_hal_adc.o
 .text.__NVIC_SetPriorityGrouping
                0x0000000008002680       0x48 ./Drivers/STM32F4xx_HAL_Driver/Src/stm32f4xx_hal_cortex.o
 .text.__NVIC_GetPriorityGrouping
                0x00000000080026c8       0x1c ./Drivers/STM32F4xx_HAL_Driver/Src/stm32f4xx_hal_cortex.o
 .text.__NVIC_EnableIRQ
                0x00000000080026e4       0x3c ./Drivers/STM32F4xx_HAL_Driver/Src/stm32f4xx_hal_cortex.o
 .text.__NVIC_SetPriority
                0x0000000008002720       0x54 ./Drivers/STM32F4xx_HAL_Driver/Src/stm32f4xx_hal_cortex.o
 .text.NVIC_EncodePriority
                0x0000000008002774       0x66 ./Drivers/STM32F4xx_HAL_Driver/Src/stm32f4xx_hal_cortex.o
 *fill*         0x00000000080027da        0x2 
 .text.SysTick_Config
                0x00000000080027dc       0x44 ./Drivers/STM32F4xx_HAL_Driver/Src/stm32f4xx_hal_cortex.o
 .text.HAL_NVIC_SetPriorityGrouping
                0x0000000008002820       0x16 ./Drivers/STM32F4xx_HAL_Driver/Src/stm32f4xx_hal_cortex.o
                0x0000000008002820                HAL_NVIC_SetPriorityGrouping
 .text.HAL_NVIC_SetPriority
                0x0000000008002836       0x38 ./Drivers/STM32F4xx_HAL_Driver/Src/stm32f4xx_hal_cortex.o
                0x0000000008002836                HAL_NVIC_SetPriority
 .text.HAL_NVIC_EnableIRQ
                0x000000000800286e       0x1c ./Drivers/STM32F4xx_HAL_Driver/Src/stm32f4xx_hal_cortex.o
                0x000000000800286e                HAL_NVIC_EnableIRQ
 .text.HAL_SYSTICK_Config
                0x000000000800288a       0x18 ./Drivers/STM32F4xx_HAL_Driver/Src/stm32f4xx_hal_cortex.o
                0x000000000800288a                HAL_SYSTICK_Config
 .text.HAL_DMA_Start_IT
                0x00000000080028a2       0xb0 ./Drivers/STM32F4xx_HAL_Driver/Src/stm32f4xx_hal_dma.o
                0x00000000080028a2                HAL_DMA_Start_IT
 .text.HAL_DMA_Abort
                0x0000000008002952       0xe0 ./Drivers/STM32F4xx_HAL_Driver/Src/stm32f4xx_hal_dma.o
                0x0000000008002952                HAL_DMA_Abort
 .text.HAL_DMA_Abort_IT
                0x0000000008002a32       0x44 ./Drivers/STM32F4xx_HAL_Driver/Src/stm32f4xx_hal_dma.o
                0x0000000008002a32                HAL_DMA_Abort_IT
 .text.DMA_SetConfig
                0x0000000008002a76       0x5c ./Drivers/STM32F4xx_HAL_Driver/Src/stm32f4xx_hal_dma.o
 *fill*         0x0000000008002ad2        0x2 
 .text.HAL_GPIO_Init
                0x0000000008002ad4      0x338 ./Drivers/STM32F4xx_HAL_Driver/Src/stm32f4xx_hal_gpio.o
                0x0000000008002ad4                HAL_GPIO_Init
 .text.HAL_GPIO_WritePin
                0x0000000008002e0c       0x32 ./Drivers/STM32F4xx_HAL_Driver/Src/stm32f4xx_hal_gpio.o
                0x0000000008002e0c                HAL_GPIO_WritePin
 *fill*         0x0000000008002e3e        0x2 
 .text.HAL_I2C_Init
                0x0000000008002e40      0x288 ./Drivers/STM32F4xx_HAL_Driver/Src/stm32f4xx_hal_i2c.o
                0x0000000008002e40                HAL_I2C_Init
 .text.HAL_I2C_Mem_Write
                0x00000000080030c8      0x1f4 ./Drivers/STM32F4xx_HAL_Driver/Src/stm32f4xx_hal_i2c.o
                0x00000000080030c8                HAL_I2C_Mem_Write
 .text.HAL_I2C_Mem_Read
                0x00000000080032bc      0x44c ./Drivers/STM32F4xx_HAL_Driver/Src/stm32f4xx_hal_i2c.o
                0x00000000080032bc                HAL_I2C_Mem_Read
 .text.I2C_RequestMemoryWrite
                0x0000000008003708      0x12c ./Drivers/STM32F4xx_HAL_Driver/Src/stm32f4xx_hal_i2c.o
 .text.I2C_RequestMemoryRead
                0x0000000008003834      0x1d0 ./Drivers/STM32F4xx_HAL_Driver/Src/stm32f4xx_hal_i2c.o
 .text.I2C_WaitOnFlagUntilTimeout
                0x0000000008003a04       0xae ./Drivers/STM32F4xx_HAL_Driver/Src/stm32f4xx_hal_i2c.o
 .text.I2C_WaitOnMasterAddressFlagUntilTimeout
                0x0000000008003ab2       0xfe ./Drivers/STM32F4xx_HAL_Driver/Src/stm32f4xx_hal_i2c.o
 .text.I2C_WaitOnTXEFlagUntilTimeout
                0x0000000008003bb0       0x82 ./Drivers/STM32F4xx_HAL_Driver/Src/stm32f4xx_hal_i2c.o
 .text.I2C_WaitOnBTFFlagUntilTimeout
                0x0000000008003c32       0x82 ./Drivers/STM32F4xx_HAL_Driver/Src/stm32f4xx_hal_i2c.o
 .text.I2C_WaitOnRXNEFlagUntilTimeout
                0x0000000008003cb4       0xac ./Drivers/STM32F4xx_HAL_Driver/Src/stm32f4xx_hal_i2c.o
 .text.I2C_IsAcknowledgeFailed
                0x0000000008003d60       0x5e ./Drivers/STM32F4xx_HAL_Driver/Src/stm32f4xx_hal_i2c.o
 .text.HAL_PCD_Init
                0x0000000008003dbe      0x23a ./Drivers/STM32F4xx_HAL_Driver/Src/stm32f4xx_hal_pcd.o
                0x0000000008003dbe                HAL_PCD_Init
 .text.HAL_PCD_Start
                0x0000000008003ff8       0x66 ./Drivers/STM32F4xx_HAL_Driver/Src/stm32f4xx_hal_pcd.o
                0x0000000008003ff8                HAL_PCD_Start
 .text.HAL_PCD_IRQHandler
                0x000000000800405e      0x93e ./Drivers/STM32F4xx_HAL_Driver/Src/stm32f4xx_hal_pcd.o
                0x000000000800405e                HAL_PCD_IRQHandler
 .text.HAL_PCD_SetAddress
                0x000000000800499c       0x4a ./Drivers/STM32F4xx_HAL_Driver/Src/stm32f4xx_hal_pcd.o
                0x000000000800499c                HAL_PCD_SetAddress
 .text.HAL_PCD_EP_Open
                0x00000000080049e6       0xd0 ./Drivers/STM32F4xx_HAL_Driver/Src/stm32f4xx_hal_pcd.o
                0x00000000080049e6                HAL_PCD_EP_Open
 .text.HAL_PCD_EP_Close
                0x0000000008004ab6       0x94 ./Drivers/STM32F4xx_HAL_Driver/Src/stm32f4xx_hal_pcd.o
                0x0000000008004ab6                HAL_PCD_EP_Close
 .text.HAL_PCD_EP_Receive
                0x0000000008004b4a       0x96 ./Drivers/STM32F4xx_HAL_Driver/Src/stm32f4xx_hal_pcd.o
                0x0000000008004b4a                HAL_PCD_EP_Receive
 .text.HAL_PCD_EP_GetRxCount
                0x0000000008004be0       0x30 ./Drivers/STM32F4xx_HAL_Driver/Src/stm32f4xx_hal_pcd.o
                0x0000000008004be0                HAL_PCD_EP_GetRxCount
 .text.HAL_PCD_EP_Transmit
                0x0000000008004c10       0x94 ./Drivers/STM32F4xx_HAL_Driver/Src/stm32f4xx_hal_pcd.o
                0x0000000008004c10                HAL_PCD_EP_Transmit
 .text.HAL_PCD_EP_SetStall
                0x0000000008004ca4       0xc8 ./Drivers/STM32F4xx_HAL_Driver/Src/stm32f4xx_hal_pcd.o
                0x0000000008004ca4                HAL_PCD_EP_SetStall
 .text.HAL_PCD_EP_ClrStall
                0x0000000008004d6c       0xac ./Drivers/STM32F4xx_HAL_Driver/Src/stm32f4xx_hal_pcd.o
                0x0000000008004d6c                HAL_PCD_EP_ClrStall
 .text.HAL_PCD_EP_Abort
                0x0000000008004e18       0x62 ./Drivers/STM32F4xx_HAL_Driver/Src/stm32f4xx_hal_pcd.o
                0x0000000008004e18                HAL_PCD_EP_Abort
 .text.PCD_WriteEmptyTxFifo
                0x0000000008004e7a      0x11a ./Drivers/STM32F4xx_HAL_Driver/Src/stm32f4xx_hal_pcd.o
 .text.PCD_EP_OutXfrComplete_int
                0x0000000008004f94      0x1d0 ./Drivers/STM32F4xx_HAL_Driver/Src/stm32f4xx_hal_pcd.o
 .text.PCD_EP_OutSetupPacket_int
                0x0000000008005164       0x8c ./Drivers/STM32F4xx_HAL_Driver/Src/stm32f4xx_hal_pcd.o
 .text.HAL_PCDEx_SetTxFiFo
                0x00000000080051f0       0x8e ./Drivers/STM32F4xx_HAL_Driver/Src/stm32f4xx_hal_pcd_ex.o
                0x00000000080051f0                HAL_PCDEx_SetTxFiFo
 .text.HAL_PCDEx_SetRxFiFo
                0x000000000800527e       0x22 ./Drivers/STM32F4xx_HAL_Driver/Src/stm32f4xx_hal_pcd_ex.o
                0x000000000800527e                HAL_PCDEx_SetRxFiFo
 .text.HAL_PCDEx_LPM_Callback
                0x00000000080052a0       0x18 ./Drivers/STM32F4xx_HAL_Driver/Src/stm32f4xx_hal_pcd_ex.o
                0x00000000080052a0                HAL_PCDEx_LPM_Callback
 .text.HAL_RCC_OscConfig
                0x00000000080052b8      0x4f0 ./Drivers/STM32F4xx_HAL_Driver/Src/stm32f4xx_hal_rcc.o
                0x00000000080052b8                HAL_RCC_OscConfig
 .text.HAL_RCC_ClockConfig
                0x00000000080057a8      0x1cc ./Drivers/STM32F4xx_HAL_Driver/Src/stm32f4xx_hal_rcc.o
                0x00000000080057a8                HAL_RCC_ClockConfig
 .text.HAL_RCC_GetSysClockFreq
                0x0000000008005974      0x18c ./Drivers/STM32F4xx_HAL_Driver/Src/stm32f4xx_hal_rcc.o
                0x0000000008005974                HAL_RCC_GetSysClockFreq
 .text.HAL_RCC_GetHCLKFreq
                0x0000000008005b00       0x18 ./Drivers/STM32F4xx_HAL_Driver/Src/stm32f4xx_hal_rcc.o
                0x0000000008005b00                HAL_RCC_GetHCLKFreq
 .text.HAL_RCC_GetPCLK1Freq
                0x0000000008005b18       0x28 ./Drivers/STM32F4xx_HAL_Driver/Src/stm32f4xx_hal_rcc.o
                0x0000000008005b18                HAL_RCC_GetPCLK1Freq
 .text.HAL_RCC_GetPCLK2Freq
                0x0000000008005b40       0x28 ./Drivers/STM32F4xx_HAL_Driver/Src/stm32f4xx_hal_rcc.o
                0x0000000008005b40                HAL_RCC_GetPCLK2Freq
 .text.HAL_SPI_Init
                0x0000000008005b68      0x112 ./Drivers/STM32F4xx_HAL_Driver/Src/stm32f4xx_hal_spi.o
                0x0000000008005b68                HAL_SPI_Init
 .text.HAL_TIM_Base_Init
                0x0000000008005c7a       0x9e ./Drivers/STM32F4xx_HAL_Driver/Src/stm32f4xx_hal_tim.o
                0x0000000008005c7a                HAL_TIM_Base_Init
 .text.HAL_TIM_Base_Start_IT
                0x0000000008005d18       0xe0 ./Drivers/STM32F4xx_HAL_Driver/Src/stm32f4xx_hal_tim.o
                0x0000000008005d18                HAL_TIM_Base_Start_IT
 .text.HAL_TIM_PWM_Init
                0x0000000008005df8       0x9e ./Drivers/STM32F4xx_HAL_Driver/Src/stm32f4xx_hal_tim.o
                0x0000000008005df8                HAL_TIM_PWM_Init
 .text.HAL_TIM_PWM_MspInit
                0x0000000008005e96       0x14 ./Drivers/STM32F4xx_HAL_Driver/Src/stm32f4xx_hal_tim.o
                0x0000000008005e96                HAL_TIM_PWM_MspInit
 .text.HAL_TIM_IRQHandler
                0x0000000008005eaa      0x210 ./Drivers/STM32F4xx_HAL_Driver/Src/stm32f4xx_hal_tim.o
                0x0000000008005eaa                HAL_TIM_IRQHandler
 *fill*         0x00000000080060ba        0x2 
 .text.HAL_TIM_PWM_ConfigChannel
                0x00000000080060bc      0x184 ./Drivers/STM32F4xx_HAL_Driver/Src/stm32f4xx_hal_tim.o
                0x00000000080060bc                HAL_TIM_PWM_ConfigChannel
 .text.HAL_TIM_ConfigClockSource
                0x0000000008006240      0x18e ./Drivers/STM32F4xx_HAL_Driver/Src/stm32f4xx_hal_tim.o
                0x0000000008006240                HAL_TIM_ConfigClockSource
 .text.HAL_TIM_OC_DelayElapsedCallback
                0x00000000080063ce       0x14 ./Drivers/STM32F4xx_HAL_Driver/Src/stm32f4xx_hal_tim.o
                0x00000000080063ce                HAL_TIM_OC_DelayElapsedCallback
 .text.HAL_TIM_IC_CaptureCallback
                0x00000000080063e2       0x14 ./Drivers/STM32F4xx_HAL_Driver/Src/stm32f4xx_hal_tim.o
                0x00000000080063e2                HAL_TIM_IC_CaptureCallback
 .text.HAL_TIM_PWM_PulseFinishedCallback
                0x00000000080063f6       0x14 ./Drivers/STM32F4xx_HAL_Driver/Src/stm32f4xx_hal_tim.o
                0x00000000080063f6                HAL_TIM_PWM_PulseFinishedCallback
 .text.HAL_TIM_TriggerCallback
                0x000000000800640a       0x14 ./Drivers/STM32F4xx_HAL_Driver/Src/stm32f4xx_hal_tim.o
                0x000000000800640a                HAL_TIM_TriggerCallback
 *fill*         0x000000000800641e        0x2 
 .text.TIM_Base_SetConfig
                0x0000000008006420      0x140 ./Drivers/STM32F4xx_HAL_Driver/Src/stm32f4xx_hal_tim.o
                0x0000000008006420                TIM_Base_SetConfig
 .text.TIM_OC1_SetConfig
                0x0000000008006560       0xe0 ./Drivers/STM32F4xx_HAL_Driver/Src/stm32f4xx_hal_tim.o
 .text.TIM_OC2_SetConfig
                0x0000000008006640       0xec ./Drivers/STM32F4xx_HAL_Driver/Src/stm32f4xx_hal_tim.o
                0x0000000008006640                TIM_OC2_SetConfig
 .text.TIM_OC3_SetConfig
                0x000000000800672c       0xe8 ./Drivers/STM32F4xx_HAL_Driver/Src/stm32f4xx_hal_tim.o
 .text.TIM_OC4_SetConfig
                0x0000000008006814       0xac ./Drivers/STM32F4xx_HAL_Driver/Src/stm32f4xx_hal_tim.o
 .text.TIM_TI1_ConfigInputStage
                0x00000000080068c0       0x5e ./Drivers/STM32F4xx_HAL_Driver/Src/stm32f4xx_hal_tim.o
 .text.TIM_TI2_ConfigInputStage
                0x000000000800691e       0x60 ./Drivers/STM32F4xx_HAL_Driver/Src/stm32f4xx_hal_tim.o
 .text.TIM_ITRx_SetConfig
                0x000000000800697e       0x36 ./Drivers/STM32F4xx_HAL_Driver/Src/stm32f4xx_hal_tim.o
 .text.TIM_ETR_SetConfig
                0x00000000080069b4       0x40 ./Drivers/STM32F4xx_HAL_Driver/Src/stm32f4xx_hal_tim.o
                0x00000000080069b4                TIM_ETR_SetConfig
 .text.HAL_TIMEx_MasterConfigSynchronization
                0x00000000080069f4       0xf8 ./Drivers/STM32F4xx_HAL_Driver/Src/stm32f4xx_hal_tim_ex.o
                0x00000000080069f4                HAL_TIMEx_MasterConfigSynchronization
 .text.HAL_TIMEx_ConfigBreakDeadTime
                0x0000000008006aec       0xa4 ./Drivers/STM32F4xx_HAL_Driver/Src/stm32f4xx_hal_tim_ex.o
                0x0000000008006aec                HAL_TIMEx_ConfigBreakDeadTime
 .text.HAL_TIMEx_CommutCallback
                0x0000000008006b90       0x14 ./Drivers/STM32F4xx_HAL_Driver/Src/stm32f4xx_hal_tim_ex.o
                0x0000000008006b90                HAL_TIMEx_CommutCallback
 .text.HAL_TIMEx_BreakCallback
                0x0000000008006ba4       0x14 ./Drivers/STM32F4xx_HAL_Driver/Src/stm32f4xx_hal_tim_ex.o
                0x0000000008006ba4                HAL_TIMEx_BreakCallback
 .text.HAL_UART_Init
                0x0000000008006bb8       0x9a ./Drivers/STM32F4xx_HAL_Driver/Src/stm32f4xx_hal_uart.o
                0x0000000008006bb8                HAL_UART_Init
 .text.HAL_UART_Receive_DMA
                0x0000000008006c52       0x60 ./Drivers/STM32F4xx_HAL_Driver/Src/stm32f4xx_hal_uart.o
                0x0000000008006c52                HAL_UART_Receive_DMA
 *fill*         0x0000000008006cb2        0x2 
 .text.HAL_UART_IRQHandler
                0x0000000008006cb4      0x51c ./Drivers/STM32F4xx_HAL_Driver/Src/stm32f4xx_hal_uart.o
                0x0000000008006cb4                HAL_UART_IRQHandler
 .text.HAL_UART_TxCpltCallback
                0x00000000080071d0       0x14 ./Drivers/STM32F4xx_HAL_Driver/Src/stm32f4xx_hal_uart.o
                0x00000000080071d0                HAL_UART_TxCpltCallback
 .text.HAL_UART_RxHalfCpltCallback
                0x00000000080071e4       0x14 ./Drivers/STM32F4xx_HAL_Driver/Src/stm32f4xx_hal_uart.o
                0x00000000080071e4                HAL_UART_RxHalfCpltCallback
 .text.HAL_UART_ErrorCallback
                0x00000000080071f8       0x14 ./Drivers/STM32F4xx_HAL_Driver/Src/stm32f4xx_hal_uart.o
                0x00000000080071f8                HAL_UART_ErrorCallback
 .text.HAL_UARTEx_RxEventCallback
                0x000000000800720c       0x18 ./Drivers/STM32F4xx_HAL_Driver/Src/stm32f4xx_hal_uart.o
                0x000000000800720c                HAL_UARTEx_RxEventCallback
 .text.UART_DMAReceiveCplt
                0x0000000008007224      0x126 ./Drivers/STM32F4xx_HAL_Driver/Src/stm32f4xx_hal_uart.o
 .text.UART_DMARxHalfCplt
                0x000000000800734a       0x36 ./Drivers/STM32F4xx_HAL_Driver/Src/stm32f4xx_hal_uart.o
 .text.UART_DMAError
                0x0000000008007380       0x94 ./Drivers/STM32F4xx_HAL_Driver/Src/stm32f4xx_hal_uart.o
 .text.UART_Start_Receive_DMA
                0x0000000008007414      0x13c ./Drivers/STM32F4xx_HAL_Driver/Src/stm32f4xx_hal_uart.o
                0x0000000008007414                UART_Start_Receive_DMA
 .text.UART_EndTxTransfer
                0x0000000008007550       0x50 ./Drivers/STM32F4xx_HAL_Driver/Src/stm32f4xx_hal_uart.o
 .text.UART_EndRxTransfer
                0x00000000080075a0       0xc6 ./Drivers/STM32F4xx_HAL_Driver/Src/stm32f4xx_hal_uart.o
 .text.UART_DMAAbortOnError
                0x0000000008007666       0x28 ./Drivers/STM32F4xx_HAL_Driver/Src/stm32f4xx_hal_uart.o
 .text.UART_Transmit_IT
                0x000000000800768e       0xa0 ./Drivers/STM32F4xx_HAL_Driver/Src/stm32f4xx_hal_uart.o
 .text.UART_EndTransmit_IT
                0x000000000800772e       0x30 ./Drivers/STM32F4xx_HAL_Driver/Src/stm32f4xx_hal_uart.o
 .text.UART_Receive_IT
                0x000000000800775e      0x176 ./Drivers/STM32F4xx_HAL_Driver/Src/stm32f4xx_hal_uart.o
 .text.UART_SetConfig
                0x00000000080078d4      0x4e8 ./Drivers/STM32F4xx_HAL_Driver/Src/stm32f4xx_hal_uart.o
 .text.USB_CoreInit
                0x0000000008007dbc       0xc2 ./Drivers/STM32F4xx_HAL_Driver/Src/stm32f4xx_ll_usb.o
                0x0000000008007dbc                USB_CoreInit
 *fill*         0x0000000008007e7e        0x2 
 .text.USB_SetTurnaroundTime
                0x0000000008007e80      0x144 ./Drivers/STM32F4xx_HAL_Driver/Src/stm32f4xx_ll_usb.o
                0x0000000008007e80                USB_SetTurnaroundTime
 .text.USB_EnableGlobalInt
                0x0000000008007fc4       0x22 ./Drivers/STM32F4xx_HAL_Driver/Src/stm32f4xx_ll_usb.o
                0x0000000008007fc4                USB_EnableGlobalInt
 .text.USB_DisableGlobalInt
                0x0000000008007fe6       0x22 ./Drivers/STM32F4xx_HAL_Driver/Src/stm32f4xx_ll_usb.o
                0x0000000008007fe6                USB_DisableGlobalInt
 .text.USB_SetCurrentMode
                0x0000000008008008       0x98 ./Drivers/STM32F4xx_HAL_Driver/Src/stm32f4xx_ll_usb.o
                0x0000000008008008                USB_SetCurrentMode
 .text.USB_DevInit
                0x00000000080080a0      0x2c8 ./Drivers/STM32F4xx_HAL_Driver/Src/stm32f4xx_ll_usb.o
                0x00000000080080a0                USB_DevInit
 .text.USB_FlushTxFifo
                0x0000000008008368       0x68 ./Drivers/STM32F4xx_HAL_Driver/Src/stm32f4xx_ll_usb.o
                0x0000000008008368                USB_FlushTxFifo
 .text.USB_FlushRxFifo
                0x00000000080083d0       0x60 ./Drivers/STM32F4xx_HAL_Driver/Src/stm32f4xx_ll_usb.o
                0x00000000080083d0                USB_FlushRxFifo
 .text.USB_SetDevSpeed
                0x0000000008008430       0x32 ./Drivers/STM32F4xx_HAL_Driver/Src/stm32f4xx_ll_usb.o
                0x0000000008008430                USB_SetDevSpeed
 .text.USB_GetDevSpeed
                0x0000000008008462       0x4a ./Drivers/STM32F4xx_HAL_Driver/Src/stm32f4xx_ll_usb.o
                0x0000000008008462                USB_GetDevSpeed
 .text.USB_ActivateEndpoint
                0x00000000080084ac      0x10e ./Drivers/STM32F4xx_HAL_Driver/Src/stm32f4xx_ll_usb.o
                0x00000000080084ac                USB_ActivateEndpoint
 *fill*         0x00000000080085ba        0x2 
 .text.USB_DeactivateEndpoint
                0x00000000080085bc      0x1b8 ./Drivers/STM32F4xx_HAL_Driver/Src/stm32f4xx_ll_usb.o
                0x00000000080085bc                USB_DeactivateEndpoint
 .text.USB_EPStartXfer
                0x0000000008008774      0x490 ./Drivers/STM32F4xx_HAL_Driver/Src/stm32f4xx_ll_usb.o
                0x0000000008008774                USB_EPStartXfer
 .text.USB_EP0StartXfer
                0x0000000008008c04      0x2b0 ./Drivers/STM32F4xx_HAL_Driver/Src/stm32f4xx_ll_usb.o
                0x0000000008008c04                USB_EP0StartXfer
 .text.USB_EPStopXfer
                0x0000000008008eb4      0x154 ./Drivers/STM32F4xx_HAL_Driver/Src/stm32f4xx_ll_usb.o
                0x0000000008008eb4                USB_EPStopXfer
 .text.USB_WritePacket
                0x0000000008009008       0x7c ./Drivers/STM32F4xx_HAL_Driver/Src/stm32f4xx_ll_usb.o
                0x0000000008009008                USB_WritePacket
 .text.USB_ReadPacket
                0x0000000008009084       0xb0 ./Drivers/STM32F4xx_HAL_Driver/Src/stm32f4xx_ll_usb.o
                0x0000000008009084                USB_ReadPacket
 .text.USB_EPSetStall
                0x0000000008009134       0xdc ./Drivers/STM32F4xx_HAL_Driver/Src/stm32f4xx_ll_usb.o
                0x0000000008009134                USB_EPSetStall
 .text.USB_EPClearStall
                0x0000000008009210       0xcc ./Drivers/STM32F4xx_HAL_Driver/Src/stm32f4xx_ll_usb.o
                0x0000000008009210                USB_EPClearStall
 .text.USB_SetDevAddress
                0x00000000080092dc       0x4c ./Drivers/STM32F4xx_HAL_Driver/Src/stm32f4xx_ll_usb.o
                0x00000000080092dc                USB_SetDevAddress
 .text.USB_DevConnect
                0x0000000008009328       0x42 ./Drivers/STM32F4xx_HAL_Driver/Src/stm32f4xx_ll_usb.o
                0x0000000008009328                USB_DevConnect
 .text.USB_DevDisconnect
                0x000000000800936a       0x42 ./Drivers/STM32F4xx_HAL_Driver/Src/stm32f4xx_ll_usb.o
                0x000000000800936a                USB_DevDisconnect
 .text.USB_ReadInterrupts
                0x00000000080093ac       0x26 ./Drivers/STM32F4xx_HAL_Driver/Src/stm32f4xx_ll_usb.o
                0x00000000080093ac                USB_ReadInterrupts
 .text.USB_ReadDevAllOutEpInterrupt
                0x00000000080093d2       0x34 ./Drivers/STM32F4xx_HAL_Driver/Src/stm32f4xx_ll_usb.o
                0x00000000080093d2                USB_ReadDevAllOutEpInterrupt
 .text.USB_ReadDevAllInEpInterrupt
                0x0000000008009406       0x34 ./Drivers/STM32F4xx_HAL_Driver/Src/stm32f4xx_ll_usb.o
                0x0000000008009406                USB_ReadDevAllInEpInterrupt
 .text.USB_ReadDevOutEPInterrupt
                0x000000000800943a       0x3c ./Drivers/STM32F4xx_HAL_Driver/Src/stm32f4xx_ll_usb.o
                0x000000000800943a                USB_ReadDevOutEPInterrupt
 .text.USB_ReadDevInEPInterrupt
                0x0000000008009476       0x5c ./Drivers/STM32F4xx_HAL_Driver/Src/stm32f4xx_ll_usb.o
                0x0000000008009476                USB_ReadDevInEPInterrupt
 .text.USB_GetMode
                0x00000000080094d2       0x1c ./Drivers/STM32F4xx_HAL_Driver/Src/stm32f4xx_ll_usb.o
                0x00000000080094d2                USB_GetMode
 .text.USB_ActivateSetup
                0x00000000080094ee       0x46 ./Drivers/STM32F4xx_HAL_Driver/Src/stm32f4xx_ll_usb.o
                0x00000000080094ee                USB_ActivateSetup
 .text.USB_EP0_OutStart
                0x0000000008009534       0xbc ./Drivers/STM32F4xx_HAL_Driver/Src/stm32f4xx_ll_usb.o
                0x0000000008009534                USB_EP0_OutStart
 .text.USB_CoreReset
                0x00000000080095f0       0x68 ./Drivers/STM32F4xx_HAL_Driver/Src/stm32f4xx_ll_usb.o
 .text.USBD_CDC_Init
                0x0000000008009658      0x1f0 ./Middlewares/ST/STM32_USB_Device_Library/Class/CDC/Src/usbd_cdc.o
 .text.USBD_CDC_DeInit
                0x0000000008009848      0x104 ./Middlewares/ST/STM32_USB_Device_Library/Class/CDC/Src/usbd_cdc.o
 .text.USBD_CDC_Setup
                0x000000000800994c      0x1b8 ./Middlewares/ST/STM32_USB_Device_Library/Class/CDC/Src/usbd_cdc.o
 .text.USBD_CDC_DataIn
                0x0000000008009b04       0xfe ./Middlewares/ST/STM32_USB_Device_Library/Class/CDC/Src/usbd_cdc.o
 .text.USBD_CDC_DataOut
                0x0000000008009c02       0x70 ./Middlewares/ST/STM32_USB_Device_Library/Class/CDC/Src/usbd_cdc.o
 .text.USBD_CDC_EP0_RxReady
                0x0000000008009c72       0x76 ./Middlewares/ST/STM32_USB_Device_Library/Class/CDC/Src/usbd_cdc.o
 .text.USBD_CDC_GetFSCfgDesc
                0x0000000008009ce8       0x70 ./Middlewares/ST/STM32_USB_Device_Library/Class/CDC/Src/usbd_cdc.o
 .text.USBD_CDC_GetHSCfgDesc
                0x0000000008009d58       0x70 ./Middlewares/ST/STM32_USB_Device_Library/Class/CDC/Src/usbd_cdc.o
 .text.USBD_CDC_GetOtherSpeedCfgDesc
                0x0000000008009dc8       0x70 ./Middlewares/ST/STM32_USB_Device_Library/Class/CDC/Src/usbd_cdc.o
 .text.USBD_CDC_GetDeviceQualifierDescriptor
                0x0000000008009e38       0x20 ./Middlewares/ST/STM32_USB_Device_Library/Class/CDC/Src/usbd_cdc.o
                0x0000000008009e38                USBD_CDC_GetDeviceQualifierDescriptor
 .text.USBD_CDC_RegisterInterface
                0x0000000008009e58       0x34 ./Middlewares/ST/STM32_USB_Device_Library/Class/CDC/Src/usbd_cdc.o
                0x0000000008009e58                USBD_CDC_RegisterInterface
 .text.USBD_CDC_SetTxBuffer
                0x0000000008009e8c       0x44 ./Middlewares/ST/STM32_USB_Device_Library/Class/CDC/Src/usbd_cdc.o
                0x0000000008009e8c                USBD_CDC_SetTxBuffer
 .text.USBD_CDC_SetRxBuffer
                0x0000000008009ed0       0x3a ./Middlewares/ST/STM32_USB_Device_Library/Class/CDC/Src/usbd_cdc.o
                0x0000000008009ed0                USBD_CDC_SetRxBuffer
 *fill*         0x0000000008009f0a        0x2 
 .text.USBD_CDC_ReceivePacket
                0x0000000008009f0c       0x6c ./Middlewares/ST/STM32_USB_Device_Library/Class/CDC/Src/usbd_cdc.o
                0x0000000008009f0c                USBD_CDC_ReceivePacket
 .text.USBD_Init
                0x0000000008009f78       0x60 ./Middlewares/ST/STM32_USB_Device_Library/Core/Src/usbd_core.o
                0x0000000008009f78                USBD_Init
 .text.USBD_RegisterClass
                0x0000000008009fd8       0x6c ./Middlewares/ST/STM32_USB_Device_Library/Core/Src/usbd_core.o
                0x0000000008009fd8                USBD_RegisterClass
 .text.USBD_Start
                0x000000000800a044       0x18 ./Middlewares/ST/STM32_USB_Device_Library/Core/Src/usbd_core.o
                0x000000000800a044                USBD_Start
 .text.USBD_RunTestMode
                0x000000000800a05c       0x16 ./Middlewares/ST/STM32_USB_Device_Library/Core/Src/usbd_core.o
                0x000000000800a05c                USBD_RunTestMode
 .text.USBD_SetClassConfig
                0x000000000800a072       0x38 ./Middlewares/ST/STM32_USB_Device_Library/Core/Src/usbd_core.o
                0x000000000800a072                USBD_SetClassConfig
 .text.USBD_ClrClassConfig
                0x000000000800a0aa       0x34 ./Middlewares/ST/STM32_USB_Device_Library/Core/Src/usbd_core.o
                0x000000000800a0aa                USBD_ClrClassConfig
 .text.USBD_LL_SetupStage
                0x000000000800a0de       0xaa ./Middlewares/ST/STM32_USB_Device_Library/Core/Src/usbd_core.o
                0x000000000800a0de                USBD_LL_SetupStage
 .text.USBD_LL_DataOutStage
                0x000000000800a188      0x166 ./Middlewares/ST/STM32_USB_Device_Library/Core/Src/usbd_core.o
                0x000000000800a188                USBD_LL_DataOutStage
 .text.USBD_LL_DataInStage
                0x000000000800a2ee      0x164 ./Middlewares/ST/STM32_USB_Device_Library/Core/Src/usbd_core.o
                0x000000000800a2ee                USBD_LL_DataInStage
 .text.USBD_LL_Reset
                0x000000000800a452       0xa4 ./Middlewares/ST/STM32_USB_Device_Library/Core/Src/usbd_core.o
                0x000000000800a452                USBD_LL_Reset
 .text.USBD_LL_SetSpeed
                0x000000000800a4f6       0x20 ./Middlewares/ST/STM32_USB_Device_Library/Core/Src/usbd_core.o
                0x000000000800a4f6                USBD_LL_SetSpeed
 .text.USBD_LL_Suspend
                0x000000000800a516       0x2c ./Middlewares/ST/STM32_USB_Device_Library/Core/Src/usbd_core.o
                0x000000000800a516                USBD_LL_Suspend
 .text.USBD_LL_Resume
                0x000000000800a542       0x30 ./Middlewares/ST/STM32_USB_Device_Library/Core/Src/usbd_core.o
                0x000000000800a542                USBD_LL_Resume
 .text.USBD_LL_SOF
                0x000000000800a572       0x40 ./Middlewares/ST/STM32_USB_Device_Library/Core/Src/usbd_core.o
                0x000000000800a572                USBD_LL_SOF
 .text.USBD_LL_IsoINIncomplete
                0x000000000800a5b2       0x64 ./Middlewares/ST/STM32_USB_Device_Library/Core/Src/usbd_core.o
                0x000000000800a5b2                USBD_LL_IsoINIncomplete
 .text.USBD_LL_IsoOUTIncomplete
                0x000000000800a616       0x64 ./Middlewares/ST/STM32_USB_Device_Library/Core/Src/usbd_core.o
                0x000000000800a616                USBD_LL_IsoOUTIncomplete
 .text.USBD_LL_DevConnected
                0x000000000800a67a       0x16 ./Middlewares/ST/STM32_USB_Device_Library/Core/Src/usbd_core.o
                0x000000000800a67a                USBD_LL_DevConnected
 .text.USBD_LL_DevDisconnected
                0x000000000800a690       0x46 ./Middlewares/ST/STM32_USB_Device_Library/Core/Src/usbd_core.o
                0x000000000800a690                USBD_LL_DevDisconnected
 .text.USBD_CoreFindIF
                0x000000000800a6d6       0x1a ./Middlewares/ST/STM32_USB_Device_Library/Core/Src/usbd_core.o
                0x000000000800a6d6                USBD_CoreFindIF
 .text.USBD_CoreFindEP
                0x000000000800a6f0       0x1a ./Middlewares/ST/STM32_USB_Device_Library/Core/Src/usbd_core.o
                0x000000000800a6f0                USBD_CoreFindEP
 .text.USBD_GetEpDesc
                0x000000000800a70a       0x74 ./Middlewares/ST/STM32_USB_Device_Library/Core/Src/usbd_core.o
                0x000000000800a70a                USBD_GetEpDesc
 .text.USBD_GetNextDesc
                0x000000000800a77e       0x3a ./Middlewares/ST/STM32_USB_Device_Library/Core/Src/usbd_core.o
                0x000000000800a77e                USBD_GetNextDesc
 .text.SWAPBYTE
                0x000000000800a7b8       0x3c ./Middlewares/ST/STM32_USB_Device_Library/Core/Src/usbd_ctlreq.o
 .text.USBD_StdDevReq
                0x000000000800a7f4       0xe4 ./Middlewares/ST/STM32_USB_Device_Library/Core/Src/usbd_ctlreq.o
                0x000000000800a7f4                USBD_StdDevReq
 .text.USBD_StdItfReq
                0x000000000800a8d8       0xd8 ./Middlewares/ST/STM32_USB_Device_Library/Core/Src/usbd_ctlreq.o
                0x000000000800a8d8                USBD_StdItfReq
 .text.USBD_StdEPReq
                0x000000000800a9b0      0x33a ./Middlewares/ST/STM32_USB_Device_Library/Core/Src/usbd_ctlreq.o
                0x000000000800a9b0                USBD_StdEPReq
 *fill*         0x000000000800acea        0x2 
 .text.USBD_GetDescriptor
                0x000000000800acec      0x2d4 ./Middlewares/ST/STM32_USB_Device_Library/Core/Src/usbd_ctlreq.o
 .text.USBD_SetAddress
                0x000000000800afc0       0x88 ./Middlewares/ST/STM32_USB_Device_Library/Core/Src/usbd_ctlreq.o
 .text.USBD_SetConfig
                0x000000000800b048      0x154 ./Middlewares/ST/STM32_USB_Device_Library/Core/Src/usbd_ctlreq.o
 .text.USBD_GetConfig
                0x000000000800b19c       0x6c ./Middlewares/ST/STM32_USB_Device_Library/Core/Src/usbd_ctlreq.o
 .text.USBD_GetStatus
                0x000000000800b208       0x68 ./Middlewares/ST/STM32_USB_Device_Library/Core/Src/usbd_ctlreq.o
 .text.USBD_SetFeature
                0x000000000800b270       0x52 ./Middlewares/ST/STM32_USB_Device_Library/Core/Src/usbd_ctlreq.o
 .text.USBD_ClrFeature
                0x000000000800b2c2       0x44 ./Middlewares/ST/STM32_USB_Device_Library/Core/Src/usbd_ctlreq.o
 .text.USBD_ParseSetupRequest
                0x000000000800b306       0x74 ./Middlewares/ST/STM32_USB_Device_Library/Core/Src/usbd_ctlreq.o
                0x000000000800b306                USBD_ParseSetupRequest
 .text.USBD_CtlError
                0x000000000800b37a       0x22 ./Middlewares/ST/STM32_USB_Device_Library/Core/Src/usbd_ctlreq.o
                0x000000000800b37a                USBD_CtlError
 .text.USBD_GetString
                0x000000000800b39c       0x8c ./Middlewares/ST/STM32_USB_Device_Library/Core/Src/usbd_ctlreq.o
                0x000000000800b39c                USBD_GetString
 .text.USBD_GetLen
                0x000000000800b428       0x34 ./Middlewares/ST/STM32_USB_Device_Library/Core/Src/usbd_ctlreq.o
 .text.USBD_CtlSendData
                0x000000000800b45c       0x36 ./Middlewares/ST/STM32_USB_Device_Library/Core/Src/usbd_ioreq.o
                0x000000000800b45c                USBD_CtlSendData
 .text.USBD_CtlContinueSendData
                0x000000000800b492       0x22 ./Middlewares/ST/STM32_USB_Device_Library/Core/Src/usbd_ioreq.o
                0x000000000800b492                USBD_CtlContinueSendData
 .text.USBD_CtlPrepareRx
                0x000000000800b4b4       0x3a ./Middlewares/ST/STM32_USB_Device_Library/Core/Src/usbd_ioreq.o
                0x000000000800b4b4                USBD_CtlPrepareRx
 .text.USBD_CtlContinueRx
                0x000000000800b4ee       0x22 ./Middlewares/ST/STM32_USB_Device_Library/Core/Src/usbd_ioreq.o
                0x000000000800b4ee                USBD_CtlContinueRx
 .text.USBD_CtlSendStatus
                0x000000000800b510       0x26 ./Middlewares/ST/STM32_USB_Device_Library/Core/Src/usbd_ioreq.o
                0x000000000800b510                USBD_CtlSendStatus
 .text.USBD_CtlReceiveStatus
                0x000000000800b536       0x26 ./Middlewares/ST/STM32_USB_Device_Library/Core/Src/usbd_ioreq.o
                0x000000000800b536                USBD_CtlReceiveStatus
 .text.MX_USB_DEVICE_Init
                0x000000000800b55c       0x60 ./USB_DEVICE/App/usb_device.o
                0x000000000800b55c                MX_USB_DEVICE_Init
 .text.CDC_Init_FS
                0x000000000800b5bc       0x28 ./USB_DEVICE/App/usbd_cdc_if.o
 .text.CDC_DeInit_FS
                0x000000000800b5e4       0x10 ./USB_DEVICE/App/usbd_cdc_if.o
 .text.CDC_Control_FS
                0x000000000800b5f4       0xe4 ./USB_DEVICE/App/usbd_cdc_if.o
 .text.CDC_Receive_FS
                0x000000000800b6d8       0x28 ./USB_DEVICE/App/usbd_cdc_if.o
 .text.CDC_TransmitCplt_FS
                0x000000000800b700       0x22 ./USB_DEVICE/App/usbd_cdc_if.o
 *fill*         0x000000000800b722        0x2 
 .text.USBD_FS_DeviceDescriptor
                0x000000000800b724       0x24 ./USB_DEVICE/App/usbd_desc.o
                0x000000000800b724                USBD_FS_DeviceDescriptor
 .text.USBD_FS_LangIDStrDescriptor
                0x000000000800b748       0x24 ./USB_DEVICE/App/usbd_desc.o
                0x000000000800b748                USBD_FS_LangIDStrDescriptor
 .text.USBD_FS_ProductStrDescriptor
                0x000000000800b76c       0x3c ./USB_DEVICE/App/usbd_desc.o
                0x000000000800b76c                USBD_FS_ProductStrDescriptor
 .text.USBD_FS_ManufacturerStrDescriptor
                0x000000000800b7a8       0x28 ./USB_DEVICE/App/usbd_desc.o
                0x000000000800b7a8                USBD_FS_ManufacturerStrDescriptor
 .text.USBD_FS_SerialStrDescriptor
                0x000000000800b7d0       0x24 ./USB_DEVICE/App/usbd_desc.o
                0x000000000800b7d0                USBD_FS_SerialStrDescriptor
 .text.USBD_FS_ConfigStrDescriptor
                0x000000000800b7f4       0x3c ./USB_DEVICE/App/usbd_desc.o
                0x000000000800b7f4                USBD_FS_ConfigStrDescriptor
 .text.USBD_FS_InterfaceStrDescriptor
                0x000000000800b830       0x3c ./USB_DEVICE/App/usbd_desc.o
                0x000000000800b830                USBD_FS_InterfaceStrDescriptor
 .text.Get_SerialNum
                0x000000000800b86c       0x58 ./USB_DEVICE/App/usbd_desc.o
 .text.IntToUnicode
                0x000000000800b8c4       0x7e ./USB_DEVICE/App/usbd_desc.o
 *fill*         0x000000000800b942        0x2 
 .text.HAL_PCD_MspInit
                0x000000000800b944       0xa8 ./USB_DEVICE/Target/usbd_conf.o
                0x000000000800b944                HAL_PCD_MspInit
 .text.HAL_PCD_SetupStageCallback
                0x000000000800b9ec       0x24 ./USB_DEVICE/Target/usbd_conf.o
                0x000000000800b9ec                HAL_PCD_SetupStageCallback
 .text.HAL_PCD_DataOutStageCallback
                0x000000000800ba10       0x36 ./USB_DEVICE/Target/usbd_conf.o
                0x000000000800ba10                HAL_PCD_DataOutStageCallback
 .text.HAL_PCD_DataInStageCallback
                0x000000000800ba46       0x34 ./USB_DEVICE/Target/usbd_conf.o
                0x000000000800ba46                HAL_PCD_DataInStageCallback
 .text.HAL_PCD_SOFCallback
                0x000000000800ba7a       0x1c ./USB_DEVICE/Target/usbd_conf.o
                0x000000000800ba7a                HAL_PCD_SOFCallback
 .text.HAL_PCD_ResetCallback
                0x000000000800ba96       0x50 ./USB_DEVICE/Target/usbd_conf.o
                0x000000000800ba96                HAL_PCD_ResetCallback
 *fill*         0x000000000800bae6        0x2 
 .text.HAL_PCD_SuspendCallback
                0x000000000800bae8       0x4c ./USB_DEVICE/Target/usbd_conf.o
                0x000000000800bae8                HAL_PCD_SuspendCallback
 .text.HAL_PCD_ResumeCallback
                0x000000000800bb34       0x1c ./USB_DEVICE/Target/usbd_conf.o
                0x000000000800bb34                HAL_PCD_ResumeCallback
 .text.HAL_PCD_ISOOUTIncompleteCallback
                0x000000000800bb50       0x24 ./USB_DEVICE/Target/usbd_conf.o
                0x000000000800bb50                HAL_PCD_ISOOUTIncompleteCallback
 .text.HAL_PCD_ISOINIncompleteCallback
                0x000000000800bb74       0x24 ./USB_DEVICE/Target/usbd_conf.o
                0x000000000800bb74                HAL_PCD_ISOINIncompleteCallback
 .text.HAL_PCD_ConnectCallback
                0x000000000800bb98       0x1c ./USB_DEVICE/Target/usbd_conf.o
                0x000000000800bb98                HAL_PCD_ConnectCallback
 .text.HAL_PCD_DisconnectCallback
                0x000000000800bbb4       0x1c ./USB_DEVICE/Target/usbd_conf.o
                0x000000000800bbb4                HAL_PCD_DisconnectCallback
 .text.USBD_LL_Init
                0x000000000800bbd0       0x98 ./USB_DEVICE/Target/usbd_conf.o
                0x000000000800bbd0                USBD_LL_Init
 .text.USBD_LL_Start
                0x000000000800bc68       0x36 ./USB_DEVICE/Target/usbd_conf.o
                0x000000000800bc68                USBD_LL_Start
 .text.USBD_LL_OpenEP
                0x000000000800bc9e       0x4c ./USB_DEVICE/Target/usbd_conf.o
                0x000000000800bc9e                USBD_LL_OpenEP
 .text.USBD_LL_CloseEP
                0x000000000800bcea       0x3e ./USB_DEVICE/Target/usbd_conf.o
                0x000000000800bcea                USBD_LL_CloseEP
 .text.USBD_LL_StallEP
                0x000000000800bd28       0x3e ./USB_DEVICE/Target/usbd_conf.o
                0x000000000800bd28                USBD_LL_StallEP
 .text.USBD_LL_ClearStallEP
                0x000000000800bd66       0x3e ./USB_DEVICE/Target/usbd_conf.o
                0x000000000800bd66                USBD_LL_ClearStallEP
 .text.USBD_LL_IsStallEP
                0x000000000800bda4       0x58 ./USB_DEVICE/Target/usbd_conf.o
                0x000000000800bda4                USBD_LL_IsStallEP
 .text.USBD_LL_SetUSBAddress
                0x000000000800bdfc       0x3e ./USB_DEVICE/Target/usbd_conf.o
                0x000000000800bdfc                USBD_LL_SetUSBAddress
 .text.USBD_LL_Transmit
                0x000000000800be3a       0x42 ./USB_DEVICE/Target/usbd_conf.o
                0x000000000800be3a                USBD_LL_Transmit
 .text.USBD_LL_PrepareReceive
                0x000000000800be7c       0x42 ./USB_DEVICE/Target/usbd_conf.o
                0x000000000800be7c                USBD_LL_PrepareReceive
 .text.USBD_LL_GetRxDataSize
                0x000000000800bebe       0x26 ./USB_DEVICE/Target/usbd_conf.o
                0x000000000800bebe                USBD_LL_GetRxDataSize
 .text.USBD_static_malloc
                0x000000000800bee4       0x1c ./USB_DEVICE/Target/usbd_conf.o
                0x000000000800bee4                USBD_static_malloc
 .text.USBD_static_free
                0x000000000800bf00       0x14 ./USB_DEVICE/Target/usbd_conf.o
                0x000000000800bf00                USBD_static_free
 .text.USBD_Get_USB_Status
                0x000000000800bf14       0x58 ./USB_DEVICE/Target/usbd_conf.o
                0x000000000800bf14                USBD_Get_USB_Status
 .text.__libc_init_array
                0x000000000800bf6c       0x48 c:/st/stm32cubeide_1.10.1/stm32cubeide/plugins/com.st.stm32cube.ide.mcu.externaltools.gnu-tools-for-stm32.10.3-2021.10.win32_1.0.0.202111181127/tools/bin/../lib/gcc/arm-none-eabi/10.3.1/../../../../arm-none-eabi/lib/thumb/v7e-m+fp/hard\libc_nano.a(lib_a-init.o)
                0x000000000800bf6c                __libc_init_array
 .text.memset   0x000000000800bfb4       0x10 c:/st/stm32cubeide_1.10.1/stm32cubeide/plugins/com.st.stm32cube.ide.mcu.externaltools.gnu-tools-for-stm32.10.3-2021.10.win32_1.0.0.202111181127/tools/bin/../lib/gcc/arm-none-eabi/10.3.1/../../../../arm-none-eabi/lib/thumb/v7e-m+fp/hard\libc_nano.a(lib_a-memset.o)
                0x000000000800bfb4                memset
 *(.glue_7)
 .glue_7        0x000000000800bfc4        0x0 linker stubs
 *(.glue_7t)
 .glue_7t       0x000000000800bfc4        0x0 linker stubs
 *(.eh_frame)
 .eh_frame      0x000000000800bfc4        0x0 c:/st/stm32cubeide_1.10.1/stm32cubeide/plugins/com.st.stm32cube.ide.mcu.externaltools.gnu-tools-for-stm32.10.3-2021.10.win32_1.0.0.202111181127/tools/bin/../lib/gcc/arm-none-eabi/10.3.1/thumb/v7e-m+fp/hard/crtbegin.o
 *(.init)
 .init          0x000000000800bfc4        0x4 c:/st/stm32cubeide_1.10.1/stm32cubeide/plugins/com.st.stm32cube.ide.mcu.externaltools.gnu-tools-for-stm32.10.3-2021.10.win32_1.0.0.202111181127/tools/bin/../lib/gcc/arm-none-eabi/10.3.1/thumb/v7e-m+fp/hard/crti.o
                0x000000000800bfc4                _init
 .init          0x000000000800bfc8        0x8 c:/st/stm32cubeide_1.10.1/stm32cubeide/plugins/com.st.stm32cube.ide.mcu.externaltools.gnu-tools-for-stm32.10.3-2021.10.win32_1.0.0.202111181127/tools/bin/../lib/gcc/arm-none-eabi/10.3.1/thumb/v7e-m+fp/hard/crtn.o
 *(.fini)
 .fini          0x000000000800bfd0        0x4 c:/st/stm32cubeide_1.10.1/stm32cubeide/plugins/com.st.stm32cube.ide.mcu.externaltools.gnu-tools-for-stm32.10.3-2021.10.win32_1.0.0.202111181127/tools/bin/../lib/gcc/arm-none-eabi/10.3.1/thumb/v7e-m+fp/hard/crti.o
                0x000000000800bfd0                _fini
 .fini          0x000000000800bfd4        0x8 c:/st/stm32cubeide_1.10.1/stm32cubeide/plugins/com.st.stm32cube.ide.mcu.externaltools.gnu-tools-for-stm32.10.3-2021.10.win32_1.0.0.202111181127/tools/bin/../lib/gcc/arm-none-eabi/10.3.1/thumb/v7e-m+fp/hard/crtn.o
                0x000000000800bfdc                . = ALIGN (0x4)
                0x000000000800bfdc                _etext = .

.vfp11_veneer   0x000000000800bfdc        0x0
 .vfp11_veneer  0x000000000800bfdc        0x0 linker stubs

.v4_bx          0x000000000800bfdc        0x0
 .v4_bx         0x000000000800bfdc        0x0 linker stubs

.iplt           0x000000000800bfdc        0x0
 .iplt          0x000000000800bfdc        0x0 c:/st/stm32cubeide_1.10.1/stm32cubeide/plugins/com.st.stm32cube.ide.mcu.externaltools.gnu-tools-for-stm32.10.3-2021.10.win32_1.0.0.202111181127/tools/bin/../lib/gcc/arm-none-eabi/10.3.1/thumb/v7e-m+fp/hard/crtbegin.o

.rodata         0x000000000800bfdc       0x64
                0x000000000800bfdc                . = ALIGN (0x4)
 *(.rodata)
 .rodata        0x000000000800bfdc       0x46 ./USB_DEVICE/App/usbd_desc.o
 *(.rodata*)
 .rodata.ctrl_humData.2
                0x000000000800c022        0x1 ./Core/Src/BME280.o
 .rodata.scrl_meadData.1
                0x000000000800c023        0x1 ./Core/Src/BME280.o
 .rodata.confData.0
                0x000000000800c024        0x1 ./Core/Src/BME280.o
 *fill*         0x000000000800c025        0x3 
 .rodata.AHBPrescTable
                0x000000000800c028       0x10 ./Core/Src/system_stm32f4xx.o
                0x000000000800c028                AHBPrescTable
 .rodata.APBPrescTable
                0x000000000800c038        0x8 ./Core/Src/system_stm32f4xx.o
                0x000000000800c038                APBPrescTable
                0x000000000800c040                . = ALIGN (0x4)

.ARM.extab      0x000000000800c040        0x0
                0x000000000800c040                . = ALIGN (0x4)
 *(.ARM.extab* .gnu.linkonce.armextab.*)
                0x000000000800c040                . = ALIGN (0x4)

.ARM            0x000000000800c040        0x8
                0x000000000800c040                . = ALIGN (0x4)
                0x000000000800c040                __exidx_start = .
 *(.ARM.exidx*)
 .ARM.exidx     0x000000000800c040        0x8 c:/st/stm32cubeide_1.10.1/stm32cubeide/plugins/com.st.stm32cube.ide.mcu.externaltools.gnu-tools-for-stm32.10.3-2021.10.win32_1.0.0.202111181127/tools/bin/../lib/gcc/arm-none-eabi/10.3.1/thumb/v7e-m+fp/hard\libgcc.a(_udivmoddi4.o)
                0x000000000800c048                __exidx_end = .
                0x000000000800c048                . = ALIGN (0x4)

.rel.dyn        0x000000000800c048        0x0
 .rel.iplt      0x000000000800c048        0x0 c:/st/stm32cubeide_1.10.1/stm32cubeide/plugins/com.st.stm32cube.ide.mcu.externaltools.gnu-tools-for-stm32.10.3-2021.10.win32_1.0.0.202111181127/tools/bin/../lib/gcc/arm-none-eabi/10.3.1/thumb/v7e-m+fp/hard/crtbegin.o

.preinit_array  0x000000000800c048        0x0
                0x000000000800c048                . = ALIGN (0x4)
                0x000000000800c048                PROVIDE (__preinit_array_start = .)
 *(.preinit_array*)
                0x000000000800c048                PROVIDE (__preinit_array_end = .)
                0x000000000800c048                . = ALIGN (0x4)

.init_array     0x000000000800c048        0x4
                0x000000000800c048                . = ALIGN (0x4)
                0x000000000800c048                PROVIDE (__init_array_start = .)
 *(SORT_BY_NAME(.init_array.*))
 *(.init_array*)
 .init_array    0x000000000800c048        0x4 c:/st/stm32cubeide_1.10.1/stm32cubeide/plugins/com.st.stm32cube.ide.mcu.externaltools.gnu-tools-for-stm32.10.3-2021.10.win32_1.0.0.202111181127/tools/bin/../lib/gcc/arm-none-eabi/10.3.1/thumb/v7e-m+fp/hard/crtbegin.o
                0x000000000800c04c                PROVIDE (__init_array_end = .)
                0x000000000800c04c                . = ALIGN (0x4)

.fini_array     0x000000000800c04c        0x4
                0x000000000800c04c                . = ALIGN (0x4)
                [!provide]                        PROVIDE (__fini_array_start = .)
 *(SORT_BY_NAME(.fini_array.*))
 *(.fini_array*)
 .fini_array    0x000000000800c04c        0x4 c:/st/stm32cubeide_1.10.1/stm32cubeide/plugins/com.st.stm32cube.ide.mcu.externaltools.gnu-tools-for-stm32.10.3-2021.10.win32_1.0.0.202111181127/tools/bin/../lib/gcc/arm-none-eabi/10.3.1/thumb/v7e-m+fp/hard/crtbegin.o
                [!provide]                        PROVIDE (__fini_array_end = .)
                0x000000000800c050                . = ALIGN (0x4)
                0x000000000800c050                _sidata = LOADADDR (.data)

.data           0x0000000020000000      0x104 load address 0x000000000800c050
                0x0000000020000000                . = ALIGN (0x4)
                0x0000000020000000                _sdata = .
 *(.data)
 *(.data*)
 .data.SystemCoreClock
                0x0000000020000000        0x4 ./Core/Src/system_stm32f4xx.o
                0x0000000020000000                SystemCoreClock
 .data.uwTickPrio
                0x0000000020000004        0x4 ./Drivers/STM32F4xx_HAL_Driver/Src/stm32f4xx_hal.o
                0x0000000020000004                uwTickPrio
 .data.uwTickFreq
                0x0000000020000008        0x1 ./Drivers/STM32F4xx_HAL_Driver/Src/stm32f4xx_hal.o
                0x0000000020000008                uwTickFreq
 *fill*         0x0000000020000009        0x3 
 .data.USBD_CDC_DeviceQualifierDesc
                0x000000002000000c        0xa ./Middlewares/ST/STM32_USB_Device_Library/Class/CDC/Src/usbd_cdc.o
 *fill*         0x0000000020000016        0x2 
 .data.USBD_CDC
                0x0000000020000018       0x38 ./Middlewares/ST/STM32_USB_Device_Library/Class/CDC/Src/usbd_cdc.o
                0x0000000020000018                USBD_CDC
 .data.USBD_CDC_CfgDesc
                0x0000000020000050       0x43 ./Middlewares/ST/STM32_USB_Device_Library/Class/CDC/Src/usbd_cdc.o
 .data.CDCInEpAdd
                0x0000000020000093        0x1 ./Middlewares/ST/STM32_USB_Device_Library/Class/CDC/Src/usbd_cdc.o
 .data.CDCOutEpAdd
                0x0000000020000094        0x1 ./Middlewares/ST/STM32_USB_Device_Library/Class/CDC/Src/usbd_cdc.o
 .data.CDCCmdEpAdd
                0x0000000020000095        0x1 ./Middlewares/ST/STM32_USB_Device_Library/Class/CDC/Src/usbd_cdc.o
 *fill*         0x0000000020000096        0x2 
 .data.lineCoding
                0x0000000020000098        0x7 ./USB_DEVICE/App/usbd_cdc_if.o
 *fill*         0x000000002000009f        0x1 
 .data.USBD_Interface_fops_FS
                0x00000000200000a0       0x14 ./USB_DEVICE/App/usbd_cdc_if.o
                0x00000000200000a0                USBD_Interface_fops_FS
 .data.FS_Desc  0x00000000200000b4       0x1c ./USB_DEVICE/App/usbd_desc.o
                0x00000000200000b4                FS_Desc
 .data.USBD_FS_DeviceDesc
                0x00000000200000d0       0x12 ./USB_DEVICE/App/usbd_desc.o
                0x00000000200000d0                USBD_FS_DeviceDesc
 *fill*         0x00000000200000e2        0x2 
 .data.USBD_LangIDDesc
                0x00000000200000e4        0x4 ./USB_DEVICE/App/usbd_desc.o
                0x00000000200000e4                USBD_LangIDDesc
 .data.USBD_StringSerial
                0x00000000200000e8       0x1a ./USB_DEVICE/App/usbd_desc.o
                0x00000000200000e8                USBD_StringSerial
 *(.RamFunc)
 *(.RamFunc*)
                0x0000000020000104                . = ALIGN (0x4)
 *fill*         0x0000000020000102        0x2 
                0x0000000020000104                _edata = .
                0x000000000800c154                _siccmram = LOADADDR (.ccmram)

.igot.plt       0x0000000020000104        0x0 load address 0x000000000800c154
 .igot.plt      0x0000000020000104        0x0 c:/st/stm32cubeide_1.10.1/stm32cubeide/plugins/com.st.stm32cube.ide.mcu.externaltools.gnu-tools-for-stm32.10.3-2021.10.win32_1.0.0.202111181127/tools/bin/../lib/gcc/arm-none-eabi/10.3.1/thumb/v7e-m+fp/hard/crtbegin.o

.ccmram         0x0000000010000000        0x0 load address 0x000000000800c154
                0x0000000010000000                . = ALIGN (0x4)
                0x0000000010000000                _sccmram = .
 *(.ccmram)
 *(.ccmram*)
                0x0000000010000000                . = ALIGN (0x4)
                0x0000000010000000                _eccmram = .
                0x0000000010000000                . = ALIGN (0x4)

.bss            0x0000000020000104     0x1eec
                0x0000000020000104                _sbss = .
                0x0000000020000104                __bss_start__ = _sbss
 *(.bss)
 .bss           0x0000000020000104       0x1c c:/st/stm32cubeide_1.10.1/stm32cubeide/plugins/com.st.stm32cube.ide.mcu.externaltools.gnu-tools-for-stm32.10.3-2021.10.win32_1.0.0.202111181127/tools/bin/../lib/gcc/arm-none-eabi/10.3.1/thumb/v7e-m+fp/hard/crtbegin.o
 *(.bss*)
 .bss.hadc1     0x0000000020000120       0x48 ./Core/Src/main.o
                0x0000000020000120                hadc1
 .bss.hi2c3     0x0000000020000168       0x54 ./Core/Src/main.o
                0x0000000020000168                hi2c3
 .bss.hspi1     0x00000000200001bc       0x58 ./Core/Src/main.o
                0x00000000200001bc                hspi1
 .bss.htim1     0x0000000020000214       0x48 ./Core/Src/main.o
                0x0000000020000214                htim1
 .bss.htim2     0x000000002000025c       0x48 ./Core/Src/main.o
                0x000000002000025c                htim2
 .bss.htim3     0x00000000200002a4       0x48 ./Core/Src/main.o
                0x00000000200002a4                htim3
 .bss.htim4     0x00000000200002ec       0x48 ./Core/Src/main.o
                0x00000000200002ec                htim4
 .bss.huart4    0x0000000020000334       0x44 ./Core/Src/main.o
                0x0000000020000334                huart4
 .bss.DroneStatus
                0x0000000020000378        0x1 ./Core/Src/main.o
                0x0000000020000378                DroneStatus
 .bss.LED_blink_cnt_ON
                0x0000000020000379        0x1 ./Core/Src/main.o
                0x0000000020000379                LED_blink_cnt_ON
 .bss.LED_blink_cnt_OFF
                0x000000002000037a        0x1 ./Core/Src/main.o
                0x000000002000037a                LED_blink_cnt_OFF
 *fill*         0x000000002000037b        0x1 
 .bss.USART4_GPSRX
                0x000000002000037c       0x64 ./Core/Src/main.o
                0x000000002000037c                USART4_GPSRX
 .bss.uwTick    0x00000000200003e0        0x4 ./Drivers/STM32F4xx_HAL_Driver/Src/stm32f4xx_hal.o
                0x00000000200003e0                uwTick
 .bss.cfgidx.0  0x00000000200003e4        0x1 ./Middlewares/ST/STM32_USB_Device_Library/Core/Src/usbd_ctlreq.o
 *fill*         0x00000000200003e5        0x3 
 .bss.hUsbDeviceFS
                0x00000000200003e8      0x2dc ./USB_DEVICE/App/usb_device.o
                0x00000000200003e8                hUsbDeviceFS
 .bss.UserRxBufferFS
                0x00000000200006c4      0x800 ./USB_DEVICE/App/usbd_cdc_if.o
                0x00000000200006c4                UserRxBufferFS
 .bss.UserTxBufferFS
                0x0000000020000ec4      0x800 ./USB_DEVICE/App/usbd_cdc_if.o
                0x0000000020000ec4                UserTxBufferFS
 .bss.USBD_StrDesc
                0x00000000200016c4      0x200 ./USB_DEVICE/App/usbd_desc.o
                0x00000000200016c4                USBD_StrDesc
 .bss.hpcd_USB_OTG_FS
                0x00000000200018c4      0x50c ./USB_DEVICE/Target/usbd_conf.o
                0x00000000200018c4                hpcd_USB_OTG_FS
 .bss.mem.0     0x0000000020001dd0      0x220 ./USB_DEVICE/Target/usbd_conf.o
 *(COMMON)
                0x0000000020001ff0                . = ALIGN (0x4)
                0x0000000020001ff0                _ebss = .
                0x0000000020001ff0                __bss_end__ = _ebss

._user_heap_stack
                0x0000000020001ff0      0x600
                0x0000000020001ff0                . = ALIGN (0x8)
                [!provide]                        PROVIDE (end = .)
                0x0000000020001ff0                PROVIDE (_end = .)
                0x00000000200021f0                . = (. + _Min_Heap_Size)
 *fill*         0x0000000020001ff0      0x200 
                0x00000000200025f0                . = (. + _Min_Stack_Size)
 *fill*         0x00000000200021f0      0x400 
                0x00000000200025f0                . = ALIGN (0x8)

/DISCARD/
 libc.a(*)
 libm.a(*)
 libgcc.a(*)

.ARM.attributes
                0x0000000000000000       0x30
 *(.ARM.attributes)
 .ARM.attributes
                0x0000000000000000       0x1e c:/st/stm32cubeide_1.10.1/stm32cubeide/plugins/com.st.stm32cube.ide.mcu.externaltools.gnu-tools-for-stm32.10.3-2021.10.win32_1.0.0.202111181127/tools/bin/../lib/gcc/arm-none-eabi/10.3.1/thumb/v7e-m+fp/hard/crti.o
 .ARM.attributes
                0x000000000000001e       0x34 c:/st/stm32cubeide_1.10.1/stm32cubeide/plugins/com.st.stm32cube.ide.mcu.externaltools.gnu-tools-for-stm32.10.3-2021.10.win32_1.0.0.202111181127/tools/bin/../lib/gcc/arm-none-eabi/10.3.1/thumb/v7e-m+fp/hard/crtbegin.o
 .ARM.attributes
                0x0000000000000052       0x34 ./Core/Src/BME280.o
 .ARM.attributes
                0x0000000000000086       0x34 ./Core/Src/main.o
 .ARM.attributes
                0x00000000000000ba       0x34 ./Core/Src/stm32f4xx_hal_msp.o
 .ARM.attributes
                0x00000000000000ee       0x34 ./Core/Src/stm32f4xx_it.o
 .ARM.attributes
                0x0000000000000122       0x34 ./Core/Src/system_stm32f4xx.o
 .ARM.attributes
                0x0000000000000156       0x21 ./Core/Startup/startup_stm32f405rgtx.o
 .ARM.attributes
                0x0000000000000177       0x34 ./Drivers/STM32F4xx_HAL_Driver/Src/stm32f4xx_hal.o
 .ARM.attributes
                0x00000000000001ab       0x34 ./Drivers/STM32F4xx_HAL_Driver/Src/stm32f4xx_hal_adc.o
 .ARM.attributes
                0x00000000000001df       0x34 ./Drivers/STM32F4xx_HAL_Driver/Src/stm32f4xx_hal_cortex.o
 .ARM.attributes
                0x0000000000000213       0x34 ./Drivers/STM32F4xx_HAL_Driver/Src/stm32f4xx_hal_dma.o
 .ARM.attributes
                0x0000000000000247       0x34 ./Drivers/STM32F4xx_HAL_Driver/Src/stm32f4xx_hal_gpio.o
 .ARM.attributes
                0x000000000000027b       0x34 ./Drivers/STM32F4xx_HAL_Driver/Src/stm32f4xx_hal_i2c.o
 .ARM.attributes
                0x00000000000002af       0x34 ./Drivers/STM32F4xx_HAL_Driver/Src/stm32f4xx_hal_pcd.o
 .ARM.attributes
                0x00000000000002e3       0x34 ./Drivers/STM32F4xx_HAL_Driver/Src/stm32f4xx_hal_pcd_ex.o
 .ARM.attributes
                0x0000000000000317       0x34 ./Drivers/STM32F4xx_HAL_Driver/Src/stm32f4xx_hal_rcc.o
 .ARM.attributes
                0x000000000000034b       0x34 ./Drivers/STM32F4xx_HAL_Driver/Src/stm32f4xx_hal_spi.o
 .ARM.attributes
                0x000000000000037f       0x34 ./Drivers/STM32F4xx_HAL_Driver/Src/stm32f4xx_hal_tim.o
 .ARM.attributes
                0x00000000000003b3       0x34 ./Drivers/STM32F4xx_HAL_Driver/Src/stm32f4xx_hal_tim_ex.o
 .ARM.attributes
                0x00000000000003e7       0x34 ./Drivers/STM32F4xx_HAL_Driver/Src/stm32f4xx_hal_uart.o
 .ARM.attributes
                0x000000000000041b       0x34 ./Drivers/STM32F4xx_HAL_Driver/Src/stm32f4xx_ll_usb.o
 .ARM.attributes
                0x000000000000044f       0x34 ./Middlewares/ST/STM32_USB_Device_Library/Class/CDC/Src/usbd_cdc.o
 .ARM.attributes
                0x0000000000000483       0x34 ./Middlewares/ST/STM32_USB_Device_Library/Core/Src/usbd_core.o
 .ARM.attributes
                0x00000000000004b7       0x34 ./Middlewares/ST/STM32_USB_Device_Library/Core/Src/usbd_ctlreq.o
 .ARM.attributes
                0x00000000000004eb       0x34 ./Middlewares/ST/STM32_USB_Device_Library/Core/Src/usbd_ioreq.o
 .ARM.attributes
                0x000000000000051f       0x34 ./USB_DEVICE/App/usb_device.o
 .ARM.attributes
                0x0000000000000553       0x34 ./USB_DEVICE/App/usbd_cdc_if.o
 .ARM.attributes
                0x0000000000000587       0x34 ./USB_DEVICE/App/usbd_desc.o
 .ARM.attributes
                0x00000000000005bb       0x34 ./USB_DEVICE/Target/usbd_conf.o
 .ARM.attributes
                0x00000000000005ef       0x34 c:/st/stm32cubeide_1.10.1/stm32cubeide/plugins/com.st.stm32cube.ide.mcu.externaltools.gnu-tools-for-stm32.10.3-2021.10.win32_1.0.0.202111181127/tools/bin/../lib/gcc/arm-none-eabi/10.3.1/../../../../arm-none-eabi/lib/thumb/v7e-m+fp/hard\libc_nano.a(lib_a-init.o)
 .ARM.attributes
                0x0000000000000623       0x34 c:/st/stm32cubeide_1.10.1/stm32cubeide/plugins/com.st.stm32cube.ide.mcu.externaltools.gnu-tools-for-stm32.10.3-2021.10.win32_1.0.0.202111181127/tools/bin/../lib/gcc/arm-none-eabi/10.3.1/../../../../arm-none-eabi/lib/thumb/v7e-m+fp/hard\libc_nano.a(lib_a-memset.o)
 .ARM.attributes
                0x0000000000000657       0x1e c:/st/stm32cubeide_1.10.1/stm32cubeide/plugins/com.st.stm32cube.ide.mcu.externaltools.gnu-tools-for-stm32.10.3-2021.10.win32_1.0.0.202111181127/tools/bin/../lib/gcc/arm-none-eabi/10.3.1/thumb/v7e-m+fp/hard\libgcc.a(_aeabi_ldivmod.o)
 .ARM.attributes
                0x0000000000000675       0x1e c:/st/stm32cubeide_1.10.1/stm32cubeide/plugins/com.st.stm32cube.ide.mcu.externaltools.gnu-tools-for-stm32.10.3-2021.10.win32_1.0.0.202111181127/tools/bin/../lib/gcc/arm-none-eabi/10.3.1/thumb/v7e-m+fp/hard\libgcc.a(_aeabi_uldivmod.o)
 .ARM.attributes
                0x0000000000000693       0x34 c:/st/stm32cubeide_1.10.1/stm32cubeide/plugins/com.st.stm32cube.ide.mcu.externaltools.gnu-tools-for-stm32.10.3-2021.10.win32_1.0.0.202111181127/tools/bin/../lib/gcc/arm-none-eabi/10.3.1/thumb/v7e-m+fp/hard\libgcc.a(_udivmoddi4.o)
 .ARM.attributes
                0x00000000000006c7       0x1e c:/st/stm32cubeide_1.10.1/stm32cubeide/plugins/com.st.stm32cube.ide.mcu.externaltools.gnu-tools-for-stm32.10.3-2021.10.win32_1.0.0.202111181127/tools/bin/../lib/gcc/arm-none-eabi/10.3.1/thumb/v7e-m+fp/hard\libgcc.a(_dvmd_tls.o)
 .ARM.attributes
                0x00000000000006e5       0x1e c:/st/stm32cubeide_1.10.1/stm32cubeide/plugins/com.st.stm32cube.ide.mcu.externaltools.gnu-tools-for-stm32.10.3-2021.10.win32_1.0.0.202111181127/tools/bin/../lib/gcc/arm-none-eabi/10.3.1/thumb/v7e-m+fp/hard/crtn.o
OUTPUT(Amon_board_firmware.elf elf32-littlearm)
LOAD linker stubs
LOAD c:/st/stm32cubeide_1.10.1/stm32cubeide/plugins/com.st.stm32cube.ide.mcu.externaltools.gnu-tools-for-stm32.10.3-2021.10.win32_1.0.0.202111181127/tools/bin/../lib/gcc/arm-none-eabi/10.3.1/../../../../arm-none-eabi/lib/thumb/v7e-m+fp/hard\libc.a
LOAD c:/st/stm32cubeide_1.10.1/stm32cubeide/plugins/com.st.stm32cube.ide.mcu.externaltools.gnu-tools-for-stm32.10.3-2021.10.win32_1.0.0.202111181127/tools/bin/../lib/gcc/arm-none-eabi/10.3.1/../../../../arm-none-eabi/lib/thumb/v7e-m+fp/hard\libm.a
LOAD c:/st/stm32cubeide_1.10.1/stm32cubeide/plugins/com.st.stm32cube.ide.mcu.externaltools.gnu-tools-for-stm32.10.3-2021.10.win32_1.0.0.202111181127/tools/bin/../lib/gcc/arm-none-eabi/10.3.1/thumb/v7e-m+fp/hard\libgcc.a

.debug_info     0x0000000000000000    0x1eca1
 .debug_info    0x0000000000000000      0xda4 ./Core/Src/BME280.o
 .debug_info    0x0000000000000da4     0x20d2 ./Core/Src/main.o
 .debug_info    0x0000000000002e76     0x1a28 ./Core/Src/stm32f4xx_hal_msp.o
 .debug_info    0x000000000000489e      0xe9a ./Core/Src/stm32f4xx_it.o
 .debug_info    0x0000000000005738      0x523 ./Core/Src/system_stm32f4xx.o
 .debug_info    0x0000000000005c5b       0x22 ./Core/Startup/startup_stm32f405rgtx.o
 .debug_info    0x0000000000005c7d      0x96a ./Drivers/STM32F4xx_HAL_Driver/Src/stm32f4xx_hal.o
 .debug_info    0x00000000000065e7      0xd70 ./Drivers/STM32F4xx_HAL_Driver/Src/stm32f4xx_hal_adc.o
 .debug_info    0x0000000000007357      0xe09 ./Drivers/STM32F4xx_HAL_Driver/Src/stm32f4xx_hal_cortex.o
 .debug_info    0x0000000000008160      0x94f ./Drivers/STM32F4xx_HAL_Driver/Src/stm32f4xx_hal_dma.o
 .debug_info    0x0000000000008aaf      0x76a ./Drivers/STM32F4xx_HAL_Driver/Src/stm32f4xx_hal_gpio.o
 .debug_info    0x0000000000009219     0x2609 ./Drivers/STM32F4xx_HAL_Driver/Src/stm32f4xx_hal_i2c.o
 .debug_info    0x000000000000b822     0x1695 ./Drivers/STM32F4xx_HAL_Driver/Src/stm32f4xx_hal_pcd.o
 .debug_info    0x000000000000ceb7      0x717 ./Drivers/STM32F4xx_HAL_Driver/Src/stm32f4xx_hal_pcd_ex.o
 .debug_info    0x000000000000d5ce      0x966 ./Drivers/STM32F4xx_HAL_Driver/Src/stm32f4xx_hal_rcc.o
 .debug_info    0x000000000000df34     0x1758 ./Drivers/STM32F4xx_HAL_Driver/Src/stm32f4xx_hal_spi.o
 .debug_info    0x000000000000f68c     0x2bbe ./Drivers/STM32F4xx_HAL_Driver/Src/stm32f4xx_hal_tim.o
 .debug_info    0x000000000001224a     0x15e0 ./Drivers/STM32F4xx_HAL_Driver/Src/stm32f4xx_hal_tim_ex.o
 .debug_info    0x000000000001382a     0x31bc ./Drivers/STM32F4xx_HAL_Driver/Src/stm32f4xx_hal_uart.o
 .debug_info    0x00000000000169e6     0x1a97 ./Drivers/STM32F4xx_HAL_Driver/Src/stm32f4xx_ll_usb.o
 .debug_info    0x000000000001847d     0x1313 ./Middlewares/ST/STM32_USB_Device_Library/Class/CDC/Src/usbd_cdc.o
 .debug_info    0x0000000000019790      0xeee ./Middlewares/ST/STM32_USB_Device_Library/Core/Src/usbd_core.o
 .debug_info    0x000000000001a67e      0xb86 ./Middlewares/ST/STM32_USB_Device_Library/Core/Src/usbd_ctlreq.o
 .debug_info    0x000000000001b204      0x7e1 ./Middlewares/ST/STM32_USB_Device_Library/Core/Src/usbd_ioreq.o
 .debug_info    0x000000000001b9e5      0x771 ./USB_DEVICE/App/usb_device.o
 .debug_info    0x000000000001c156      0x998 ./USB_DEVICE/App/usbd_cdc_if.o
 .debug_info    0x000000000001caee      0x49f ./USB_DEVICE/App/usbd_desc.o
 .debug_info    0x000000000001cf8d     0x1d14 ./USB_DEVICE/Target/usbd_conf.o

.debug_abbrev   0x0000000000000000     0x3e77
 .debug_abbrev  0x0000000000000000      0x22b ./Core/Src/BME280.o
 .debug_abbrev  0x000000000000022b      0x2fd ./Core/Src/main.o
 .debug_abbrev  0x0000000000000528      0x20a ./Core/Src/stm32f4xx_hal_msp.o
 .debug_abbrev  0x0000000000000732      0x1dc ./Core/Src/stm32f4xx_it.o
 .debug_abbrev  0x000000000000090e      0x116 ./Core/Src/system_stm32f4xx.o
 .debug_abbrev  0x0000000000000a24       0x12 ./Core/Startup/startup_stm32f405rgtx.o
 .debug_abbrev  0x0000000000000a36      0x20d ./Drivers/STM32F4xx_HAL_Driver/Src/stm32f4xx_hal.o
 .debug_abbrev  0x0000000000000c43      0x244 ./Drivers/STM32F4xx_HAL_Driver/Src/stm32f4xx_hal_adc.o
 .debug_abbrev  0x0000000000000e87      0x316 ./Drivers/STM32F4xx_HAL_Driver/Src/stm32f4xx_hal_cortex.o
 .debug_abbrev  0x000000000000119d      0x25b ./Drivers/STM32F4xx_HAL_Driver/Src/stm32f4xx_hal_dma.o
 .debug_abbrev  0x00000000000013f8      0x1c4 ./Drivers/STM32F4xx_HAL_Driver/Src/stm32f4xx_hal_gpio.o
 .debug_abbrev  0x00000000000015bc      0x297 ./Drivers/STM32F4xx_HAL_Driver/Src/stm32f4xx_hal_i2c.o
 .debug_abbrev  0x0000000000001853      0x2bb ./Drivers/STM32F4xx_HAL_Driver/Src/stm32f4xx_hal_pcd.o
 .debug_abbrev  0x0000000000001b0e      0x1ce ./Drivers/STM32F4xx_HAL_Driver/Src/stm32f4xx_hal_pcd_ex.o
 .debug_abbrev  0x0000000000001cdc      0x2aa ./Drivers/STM32F4xx_HAL_Driver/Src/stm32f4xx_hal_rcc.o
 .debug_abbrev  0x0000000000001f86      0x26e ./Drivers/STM32F4xx_HAL_Driver/Src/stm32f4xx_hal_spi.o
 .debug_abbrev  0x00000000000021f4      0x25d ./Drivers/STM32F4xx_HAL_Driver/Src/stm32f4xx_hal_tim.o
 .debug_abbrev  0x0000000000002451      0x265 ./Drivers/STM32F4xx_HAL_Driver/Src/stm32f4xx_hal_tim_ex.o
 .debug_abbrev  0x00000000000026b6      0x2f4 ./Drivers/STM32F4xx_HAL_Driver/Src/stm32f4xx_hal_uart.o
 .debug_abbrev  0x00000000000029aa      0x296 ./Drivers/STM32F4xx_HAL_Driver/Src/stm32f4xx_ll_usb.o
 .debug_abbrev  0x0000000000002c40      0x2be ./Middlewares/ST/STM32_USB_Device_Library/Class/CDC/Src/usbd_cdc.o
 .debug_abbrev  0x0000000000002efe      0x263 ./Middlewares/ST/STM32_USB_Device_Library/Core/Src/usbd_core.o
 .debug_abbrev  0x0000000000003161      0x25c ./Middlewares/ST/STM32_USB_Device_Library/Core/Src/usbd_ctlreq.o
 .debug_abbrev  0x00000000000033bd      0x18a ./Middlewares/ST/STM32_USB_Device_Library/Core/Src/usbd_ioreq.o
 .debug_abbrev  0x0000000000003547      0x18a ./USB_DEVICE/App/usb_device.o
 .debug_abbrev  0x00000000000036d1      0x2a1 ./USB_DEVICE/App/usbd_cdc_if.o
 .debug_abbrev  0x0000000000003972      0x1da ./USB_DEVICE/App/usbd_desc.o
 .debug_abbrev  0x0000000000003b4c      0x32b ./USB_DEVICE/Target/usbd_conf.o

.debug_aranges  0x0000000000000000     0x19a0
 .debug_aranges
                0x0000000000000000       0x80 ./Core/Src/BME280.o
 .debug_aranges
                0x0000000000000080       0x98 ./Core/Src/main.o
 .debug_aranges
                0x0000000000000118       0x78 ./Core/Src/stm32f4xx_hal_msp.o
 .debug_aranges
                0x0000000000000190       0x78 ./Core/Src/stm32f4xx_it.o
 .debug_aranges
                0x0000000000000208       0x28 ./Core/Src/system_stm32f4xx.o
 .debug_aranges
                0x0000000000000230       0x28 ./Core/Startup/startup_stm32f405rgtx.o
 .debug_aranges
                0x0000000000000258       0xf0 ./Drivers/STM32F4xx_HAL_Driver/Src/stm32f4xx_hal.o
 .debug_aranges
                0x0000000000000348       0xe8 ./Drivers/STM32F4xx_HAL_Driver/Src/stm32f4xx_hal_adc.o
 .debug_aranges
                0x0000000000000430      0x118 ./Drivers/STM32F4xx_HAL_Driver/Src/stm32f4xx_hal_cortex.o
 .debug_aranges
                0x0000000000000548       0x90 ./Drivers/STM32F4xx_HAL_Driver/Src/stm32f4xx_hal_dma.o
 .debug_aranges
                0x00000000000005d8       0x58 ./Drivers/STM32F4xx_HAL_Driver/Src/stm32f4xx_hal_gpio.o
 .debug_aranges
                0x0000000000000630      0x2a0 ./Drivers/STM32F4xx_HAL_Driver/Src/stm32f4xx_hal_i2c.o
 .debug_aranges
                0x00000000000008d0      0x148 ./Drivers/STM32F4xx_HAL_Driver/Src/stm32f4xx_hal_pcd.o
 .debug_aranges
                0x0000000000000a18       0x38 ./Drivers/STM32F4xx_HAL_Driver/Src/stm32f4xx_hal_pcd_ex.o
 .debug_aranges
                0x0000000000000a50       0x88 ./Drivers/STM32F4xx_HAL_Driver/Src/stm32f4xx_hal_rcc.o
 .debug_aranges
                0x0000000000000ad8      0x1d0 ./Drivers/STM32F4xx_HAL_Driver/Src/stm32f4xx_hal_spi.o
 .debug_aranges
                0x0000000000000ca8      0x3d0 ./Drivers/STM32F4xx_HAL_Driver/Src/stm32f4xx_hal_tim.o
 .debug_aranges
                0x0000000000001078      0x168 ./Drivers/STM32F4xx_HAL_Driver/Src/stm32f4xx_hal_tim_ex.o
 .debug_aranges
                0x00000000000011e0      0x200 ./Drivers/STM32F4xx_HAL_Driver/Src/stm32f4xx_hal_uart.o
 .debug_aranges
                0x00000000000013e0      0x1a0 ./Drivers/STM32F4xx_HAL_Driver/Src/stm32f4xx_ll_usb.o
 .debug_aranges
                0x0000000000001580       0x90 ./Middlewares/ST/STM32_USB_Device_Library/Class/CDC/Src/usbd_cdc.o
 .debug_aranges
                0x0000000000001610       0xd8 ./Middlewares/ST/STM32_USB_Device_Library/Core/Src/usbd_core.o
 .debug_aranges
                0x00000000000016e8       0x90 ./Middlewares/ST/STM32_USB_Device_Library/Core/Src/usbd_ctlreq.o
 .debug_aranges
                0x0000000000001778       0x50 ./Middlewares/ST/STM32_USB_Device_Library/Core/Src/usbd_ioreq.o
 .debug_aranges
                0x00000000000017c8       0x20 ./USB_DEVICE/App/usb_device.o
 .debug_aranges
                0x00000000000017e8       0x48 ./USB_DEVICE/App/usbd_cdc_if.o
 .debug_aranges
                0x0000000000001830       0x60 ./USB_DEVICE/App/usbd_desc.o
 .debug_aranges
                0x0000000000001890      0x110 ./USB_DEVICE/Target/usbd_conf.o

.debug_ranges   0x0000000000000000     0x1830
 .debug_ranges  0x0000000000000000       0x70 ./Core/Src/BME280.o
 .debug_ranges  0x0000000000000070       0x88 ./Core/Src/main.o
 .debug_ranges  0x00000000000000f8       0x68 ./Core/Src/stm32f4xx_hal_msp.o
 .debug_ranges  0x0000000000000160       0x68 ./Core/Src/stm32f4xx_it.o
 .debug_ranges  0x00000000000001c8       0x18 ./Core/Src/system_stm32f4xx.o
 .debug_ranges  0x00000000000001e0       0x20 ./Core/Startup/startup_stm32f405rgtx.o
 .debug_ranges  0x0000000000000200       0xe0 ./Drivers/STM32F4xx_HAL_Driver/Src/stm32f4xx_hal.o
 .debug_ranges  0x00000000000002e0       0xd8 ./Drivers/STM32F4xx_HAL_Driver/Src/stm32f4xx_hal_adc.o
 .debug_ranges  0x00000000000003b8      0x108 ./Drivers/STM32F4xx_HAL_Driver/Src/stm32f4xx_hal_cortex.o
 .debug_ranges  0x00000000000004c0       0x80 ./Drivers/STM32F4xx_HAL_Driver/Src/stm32f4xx_hal_dma.o
 .debug_ranges  0x0000000000000540       0x48 ./Drivers/STM32F4xx_HAL_Driver/Src/stm32f4xx_hal_gpio.o
 .debug_ranges  0x0000000000000588      0x2a8 ./Drivers/STM32F4xx_HAL_Driver/Src/stm32f4xx_hal_i2c.o
 .debug_ranges  0x0000000000000830      0x138 ./Drivers/STM32F4xx_HAL_Driver/Src/stm32f4xx_hal_pcd.o
 .debug_ranges  0x0000000000000968       0x28 ./Drivers/STM32F4xx_HAL_Driver/Src/stm32f4xx_hal_pcd_ex.o