../c_generated_code/amon_model_model/amon_model_expl_vde_forw.c:96:6:amon_model_expl_vde_forw_copy	8	static
../c_generated_code/amon_model_model/amon_model_expl_vde_forw.c:107:6:amon_model_expl_vde_forw_clear	8	static
../c_generated_code/amon_model_model/amon_model_expl_vde_forw.c:114:13:amon_model_expl_vde_forw_sq	8	static
../c_generated_code/amon_model_model/amon_model_expl_vde_forw.c:116:13:amon_model_expl_vde_forw_fmax	8	static
../c_generated_code/amon_model_model/amon_model_expl_vde_forw.c:125:13:amon_model_expl_vde_forw_fmin	8	static
../c_generated_code/amon_model_model/amon_model_expl_vde_forw.c:134:13:amon_model_expl_vde_forw_if_else	8	static
../c_generated_code/amon_model_model/amon_model_expl_vde_forw.c:136:6:amon_model_expl_vde_forw_scal	8	static
../c_generated_code/amon_model_model/amon_model_expl_vde_forw.c:142:13:amon_model_expl_vde_forw_dot	8	static
../c_generated_code/amon_model_model/amon_model_expl_vde_forw.c:149:13:amon_model_expl_vde_forw_house	64	static
../c_generated_code/amon_model_model/amon_model_expl_vde_forw.c:163:6:amon_model_expl_vde_forw_qr	128	static
../c_generated_code/amon_model_model/amon_model_expl_vde_forw.c:192:6:amon_model_expl_vde_forw_qr_mv	48	static
../c_generated_code/amon_model_model/amon_model_expl_vde_forw.c:207:6:amon_model_expl_vde_forw_qr_trs	16	static
../c_generated_code/amon_model_model/amon_model_expl_vde_forw.c:236:6:amon_model_expl_vde_forw_qr_solve	128	static
../c_generated_code/amon_model_model/amon_model_expl_vde_forw.c:473:12:amon_model_expl_vde_forw_f1.constprop	528	dynamic,bounded
../c_generated_code/amon_model_model/amon_model_expl_vde_forw.c:257:12:amon_model_expl_vde_forw_qr_singular	8	static
../c_generated_code/amon_model_model/amon_model_expl_vde_forw.c:276:6:amon_model_expl_vde_forw_qr_colcomb	112	static
../c_generated_code/amon_model_model/amon_model_expl_vde_forw.c:313:6:amon_model_expl_vde_forw_densify	80	static
../c_generated_code/amon_model_model/amon_model_expl_vde_forw.c:337:6:amon_model_expl_vde_forw_trans	16	static
../c_generated_code/amon_model_model/amon_model_expl_vde_forw.c:352:6:amon_model_expl_vde_forw_mtimes	56	static
../c_generated_code/amon_model_model/amon_model_expl_vde_forw.c:12794:12:amon_model_expl_vde_forw_f3.constprop	1520	dynamic,bounded
../c_generated_code/amon_model_model/amon_model_expl_vde_forw.c:1662:12:amon_model_expl_vde_forw_f2.constprop	2144	dynamic,bounded
../c_generated_code/amon_model_model/amon_model_expl_vde_forw.c:17868:26:amon_model_expl_vde_forw	144	static
../c_generated_code/amon_model_model/amon_model_expl_vde_forw.c:17872:26:amon_model_expl_vde_forw_alloc_mem	8	static
../c_generated_code/amon_model_model/amon_model_expl_vde_forw.c:17876:26:amon_model_expl_vde_forw_init_mem	8	static
../c_generated_code/amon_model_model/amon_model_expl_vde_forw.c:17880:27:amon_model_expl_vde_forw_free_mem	8	static
../c_generated_code/amon_model_model/amon_model_expl_vde_forw.c:17883:26:amon_model_expl_vde_forw_checkout	8	static
../c_generated_code/amon_model_model/amon_model_expl_vde_forw.c:17887:27:amon_model_expl_vde_forw_release	8	static
../c_generated_code/amon_model_model/amon_model_expl_vde_forw.c:17890:27:amon_model_expl_vde_forw_incref	8	static
../c_generated_code/amon_model_model/amon_model_expl_vde_forw.c:17893:27:amon_model_expl_vde_forw_decref	8	static
../c_generated_code/amon_model_model/amon_model_expl_vde_forw.c:17896:33:amon_model_expl_vde_forw_n_in	8	static
../c_generated_code/amon_model_model/amon_model_expl_vde_forw.c:17898:33:amon_model_expl_vde_forw_n_out	8	static
../c_generated_code/amon_model_model/amon_model_expl_vde_forw.c:17900:34:amon_model_expl_vde_forw_default_in	8	static
../c_generated_code/amon_model_model/amon_model_expl_vde_forw.c:17906:34:amon_model_expl_vde_forw_name_in	8	static
../c_generated_code/amon_model_model/amon_model_expl_vde_forw.c:17917:34:amon_model_expl_vde_forw_name_out	8	static
../c_generated_code/amon_model_model/amon_model_expl_vde_forw.c:17926:40:amon_model_expl_vde_forw_sparsity_in	8	static
../c_generated_code/amon_model_model/amon_model_expl_vde_forw.c:17937:40:amon_model_expl_vde_forw_sparsity_out	8	static
../c_generated_code/amon_model_model/amon_model_expl_vde_forw.c:17946:26:amon_model_expl_vde_forw_work	8	static
../c_generated_code/amon_model_model/amon_model_expl_vde_forw.c:17954:26:amon_model_expl_vde_forw_work_bytes	8	static
