../c_generated_code/amon_model_model/amon_model_expl_vde_adj.c:83:6:amon_model_expl_vde_adj_clear	8	static
../c_generated_code/amon_model_model/amon_model_expl_vde_adj.c:90:6:amon_model_expl_vde_adj_copy	8	static
../c_generated_code/amon_model_model/amon_model_expl_vde_adj.c:101:13:amon_model_expl_vde_adj_if_else	8	static
../c_generated_code/amon_model_model/amon_model_expl_vde_adj.c:103:6:amon_model_expl_vde_adj_scal	8	static
../c_generated_code/amon_model_model/amon_model_expl_vde_adj.c:109:13:amon_model_expl_vde_adj_dot	8	static
../c_generated_code/amon_model_model/amon_model_expl_vde_adj.c:116:13:amon_model_expl_vde_adj_house	64	static
../c_generated_code/amon_model_model/amon_model_expl_vde_adj.c:130:6:amon_model_expl_vde_adj_qr	128	static
../c_generated_code/amon_model_model/amon_model_expl_vde_adj.c:159:6:amon_model_expl_vde_adj_qr_mv	48	static
../c_generated_code/amon_model_model/amon_model_expl_vde_adj.c:174:6:amon_model_expl_vde_adj_qr_trs	16	static
../c_generated_code/amon_model_model/amon_model_expl_vde_adj.c:203:6:amon_model_expl_vde_adj_qr_solve	128	static
../c_generated_code/amon_model_model/amon_model_expl_vde_adj.c:224:12:amon_model_expl_vde_adj_qr_singular	8	static
../c_generated_code/amon_model_model/amon_model_expl_vde_adj.c:243:6:amon_model_expl_vde_adj_qr_colcomb	112	static
../c_generated_code/amon_model_model/amon_model_expl_vde_adj.c:278:13:amon_model_expl_vde_adj_fmax	8	static
../c_generated_code/amon_model_model/amon_model_expl_vde_adj.c:287:13:amon_model_expl_vde_adj_fmin	8	static
../c_generated_code/amon_model_model/amon_model_expl_vde_adj.c:296:13:amon_model_expl_vde_adj_sq	8	static
../c_generated_code/amon_model_model/amon_model_expl_vde_adj.c:330:12:amon_model_expl_vde_adj_f1.constprop	864	dynamic,bounded
../c_generated_code/amon_model_model/amon_model_expl_vde_adj.c:2581:26:amon_model_expl_vde_adj	96	static
../c_generated_code/amon_model_model/amon_model_expl_vde_adj.c:2585:26:amon_model_expl_vde_adj_alloc_mem	8	static
../c_generated_code/amon_model_model/amon_model_expl_vde_adj.c:2589:26:amon_model_expl_vde_adj_init_mem	8	static
../c_generated_code/amon_model_model/amon_model_expl_vde_adj.c:2593:27:amon_model_expl_vde_adj_free_mem	8	static
../c_generated_code/amon_model_model/amon_model_expl_vde_adj.c:2596:26:amon_model_expl_vde_adj_checkout	8	static
../c_generated_code/amon_model_model/amon_model_expl_vde_adj.c:2600:27:amon_model_expl_vde_adj_release	8	static
../c_generated_code/amon_model_model/amon_model_expl_vde_adj.c:2603:27:amon_model_expl_vde_adj_incref	8	static
../c_generated_code/amon_model_model/amon_model_expl_vde_adj.c:2606:27:amon_model_expl_vde_adj_decref	8	static
../c_generated_code/amon_model_model/amon_model_expl_vde_adj.c:2609:33:amon_model_expl_vde_adj_n_in	8	static
../c_generated_code/amon_model_model/amon_model_expl_vde_adj.c:2611:33:amon_model_expl_vde_adj_n_out	8	static
../c_generated_code/amon_model_model/amon_model_expl_vde_adj.c:2613:34:amon_model_expl_vde_adj_default_in	8	static
../c_generated_code/amon_model_model/amon_model_expl_vde_adj.c:2619:34:amon_model_expl_vde_adj_name_in	8	static
../c_generated_code/amon_model_model/amon_model_expl_vde_adj.c:2629:34:amon_model_expl_vde_adj_name_out	8	static
../c_generated_code/amon_model_model/amon_model_expl_vde_adj.c:2636:40:amon_model_expl_vde_adj_sparsity_in	8	static
../c_generated_code/amon_model_model/amon_model_expl_vde_adj.c:2646:40:amon_model_expl_vde_adj_sparsity_out	8	static
../c_generated_code/amon_model_model/amon_model_expl_vde_adj.c:2653:26:amon_model_expl_vde_adj_work	8	static
../c_generated_code/amon_model_model/amon_model_expl_vde_adj.c:2661:26:amon_model_expl_vde_adj_work_bytes	8	static
