../c_generated_code/acados_solver_amon_model.c:94:29:amon_model_acados_create_capsule	8	static
../c_generated_code/acados_solver_amon_model.c:103:5:amon_model_acados_free_capsule	16	static
../c_generated_code/acados_solver_amon_model.c:118:5:amon_model_acados_update_time_steps	64	static
../c_generated_code/acados_solver_amon_model.c:146:6:amon_model_acados_create_set_plan	64	static
../c_generated_code/acados_solver_amon_model.c:319:6:amon_model_acados_create_setup_functions	112	static
../c_generated_code/acados_solver_amon_model.c:376:6:amon_model_acados_create_set_default_parameters	8	static
../c_generated_code/acados_solver_amon_model.c:389:6:amon_model_acados_setup_nlp_in	144	dynamic,bounded
../c_generated_code/acados_solver_amon_model.c:903:6:amon_model_acados_set_nlp_out	96	dynamic,bounded
../c_generated_code/acados_solver_amon_model.c:936:5:amon_model_acados_create_precompute	16	static
../c_generated_code/acados_solver_amon_model.c:948:5:amon_model_acados_create_with_discretization	416	dynamic,bounded
../c_generated_code/acados_solver_amon_model.c:110:5:amon_model_acados_create	8	static
../c_generated_code/acados_solver_amon_model.c:1002:5:amon_model_acados_update_qp_solver_cond_N	32	static
../c_generated_code/acados_solver_amon_model.c:1023:5:amon_model_acados_reset	128	dynamic,bounded
../c_generated_code/acados_solver_amon_model.c:1066:5:amon_model_acados_update_params	16	static
../c_generated_code/acados_solver_amon_model.c:1082:5:amon_model_acados_update_params_sparse	32	dynamic,bounded
../c_generated_code/acados_solver_amon_model.c:1090:5:amon_model_acados_set_p_global_and_precompute_dependencies	8	static
../c_generated_code/acados_solver_amon_model.c:1100:5:amon_model_acados_solve	8	static
../c_generated_code/acados_solver_amon_model.c:1110:5:amon_model_acados_setup_qp_matrices_and_factorize	8	static
../c_generated_code/acados_solver_amon_model.c:1122:5:amon_model_acados_free	32	static
../c_generated_code/acados_solver_amon_model.c:1160:6:amon_model_acados_print_stats	368	static
../c_generated_code/acados_solver_amon_model.c:1192:5:amon_model_acados_custom_update	16	static
../c_generated_code/acados_solver_amon_model.c:1205:13:amon_model_acados_get_nlp_in	8	static
../c_generated_code/acados_solver_amon_model.c:1206:14:amon_model_acados_get_nlp_out	8	static
../c_generated_code/acados_solver_amon_model.c:1207:14:amon_model_acados_get_sens_out	8	static
../c_generated_code/acados_solver_amon_model.c:1208:17:amon_model_acados_get_nlp_solver	8	static
../c_generated_code/acados_solver_amon_model.c:1209:17:amon_model_acados_get_nlp_config	8	static
../c_generated_code/acados_solver_amon_model.c:1210:7:amon_model_acados_get_nlp_opts	8	static
../c_generated_code/acados_solver_amon_model.c:1211:15:amon_model_acados_get_nlp_dims	8	static
../c_generated_code/acados_solver_amon_model.c:1212:17:amon_model_acados_get_nlp_plan	8	static
