../c_generated_code/amon_model_model/amon_model_expl_ode_fun.c:83:6:amon_model_expl_ode_fun_copy	8	static
../c_generated_code/amon_model_model/amon_model_expl_ode_fun.c:94:6:amon_model_expl_ode_fun_clear	8	static
../c_generated_code/amon_model_model/amon_model_expl_ode_fun.c:101:13:amon_model_expl_ode_fun_sq	8	static
../c_generated_code/amon_model_model/amon_model_expl_ode_fun.c:103:13:amon_model_expl_ode_fun_fmax	8	static
../c_generated_code/amon_model_model/amon_model_expl_ode_fun.c:112:13:amon_model_expl_ode_fun_fmin	8	static
../c_generated_code/amon_model_model/amon_model_expl_ode_fun.c:121:13:amon_model_expl_ode_fun_if_else	8	static
../c_generated_code/amon_model_model/amon_model_expl_ode_fun.c:123:6:amon_model_expl_ode_fun_scal	8	static
../c_generated_code/amon_model_model/amon_model_expl_ode_fun.c:129:13:amon_model_expl_ode_fun_dot	8	static
../c_generated_code/amon_model_model/amon_model_expl_ode_fun.c:136:13:amon_model_expl_ode_fun_house	64	static
../c_generated_code/amon_model_model/amon_model_expl_ode_fun.c:150:6:amon_model_expl_ode_fun_qr	128	static
../c_generated_code/amon_model_model/amon_model_expl_ode_fun.c:179:6:amon_model_expl_ode_fun_qr_mv	48	static
../c_generated_code/amon_model_model/amon_model_expl_ode_fun.c:194:6:amon_model_expl_ode_fun_qr_trs	16	static
../c_generated_code/amon_model_model/amon_model_expl_ode_fun.c:223:6:amon_model_expl_ode_fun_qr_solve	128	static
../c_generated_code/amon_model_model/amon_model_expl_ode_fun.c:330:12:amon_model_expl_ode_fun_f1.constprop	528	dynamic,bounded
../c_generated_code/amon_model_model/amon_model_expl_ode_fun.c:244:12:amon_model_expl_ode_fun_qr_singular	8	static
../c_generated_code/amon_model_model/amon_model_expl_ode_fun.c:263:6:amon_model_expl_ode_fun_qr_colcomb	112	static
../c_generated_code/amon_model_model/amon_model_expl_ode_fun.c:1536:26:amon_model_expl_ode_fun	80	static
../c_generated_code/amon_model_model/amon_model_expl_ode_fun.c:1540:26:amon_model_expl_ode_fun_alloc_mem	8	static
../c_generated_code/amon_model_model/amon_model_expl_ode_fun.c:1544:26:amon_model_expl_ode_fun_init_mem	8	static
../c_generated_code/amon_model_model/amon_model_expl_ode_fun.c:1548:27:amon_model_expl_ode_fun_free_mem	8	static
../c_generated_code/amon_model_model/amon_model_expl_ode_fun.c:1551:26:amon_model_expl_ode_fun_checkout	8	static
../c_generated_code/amon_model_model/amon_model_expl_ode_fun.c:1555:27:amon_model_expl_ode_fun_release	8	static
../c_generated_code/amon_model_model/amon_model_expl_ode_fun.c:1558:27:amon_model_expl_ode_fun_incref	8	static
../c_generated_code/amon_model_model/amon_model_expl_ode_fun.c:1561:27:amon_model_expl_ode_fun_decref	8	static
../c_generated_code/amon_model_model/amon_model_expl_ode_fun.c:1564:33:amon_model_expl_ode_fun_n_in	8	static
../c_generated_code/amon_model_model/amon_model_expl_ode_fun.c:1566:33:amon_model_expl_ode_fun_n_out	8	static
../c_generated_code/amon_model_model/amon_model_expl_ode_fun.c:1568:34:amon_model_expl_ode_fun_default_in	8	static
../c_generated_code/amon_model_model/amon_model_expl_ode_fun.c:1574:34:amon_model_expl_ode_fun_name_in	8	static
../c_generated_code/amon_model_model/amon_model_expl_ode_fun.c:1583:34:amon_model_expl_ode_fun_name_out	8	static
../c_generated_code/amon_model_model/amon_model_expl_ode_fun.c:1590:40:amon_model_expl_ode_fun_sparsity_in	8	static
../c_generated_code/amon_model_model/amon_model_expl_ode_fun.c:1599:40:amon_model_expl_ode_fun_sparsity_out	8	static
../c_generated_code/amon_model_model/amon_model_expl_ode_fun.c:1606:26:amon_model_expl_ode_fun_work	8	static
../c_generated_code/amon_model_model/amon_model_expl_ode_fun.c:1614:26:amon_model_expl_ode_fun_work_bytes	8	static
