../Core/Src/main.c:137:5:main	568	static
../Core/Src/main.c:573:6:SystemClock_Config	88	static
../Core/Src/main.c:619:13:MX_ADC1_Init	24	static
../Core/Src/main.c:680:13:MX_I2C3_Init	8	static
../Core/Src/main.c:714:13:MX_SPI1_Init	8	static
../Core/Src/main.c:752:13:MX_TIM1_Init	96	static
../Core/Src/main.c:831:13:MX_TIM2_Init	64	static
../Core/Src/main.c:895:13:MX_TIM3_Init	64	static
../Core/Src/main.c:966:13:MX_TIM4_Init	32	static
../Core/Src/main.c:1011:13:MX_TIM5_Init	32	static
../Core/Src/main.c:1056:13:MX_UART4_Init	8	static
../Core/Src/main.c:1087:13:MX_DMA_Init	16	static
../Core/Src/main.c:1109:13:MX_GPIO_Init	48	static
../Core/Src/main.c:1180:6:HAL_UART_RxCpltCallback	16	static
../Core/Src/main.c:1186:6:HAL_GPIO_EXTI_Callback	16	static
../Core/Src/main.c:1195:9:TVCServoEnable	16	static
../Core/Src/main.c:1209:9:TVCServoDisable	16	static
../Core/Src/main.c:1223:9:EDFEnable	16	static
../Core/Src/main.c:1233:9:EDFDisable	16	static
../Core/Src/main.c:1243:6:StatusLED	16	static
../Core/Src/main.c:1310:10:ADC_Read_Main_Battery	24	static
../Core/Src/main.c:1325:10:ADC_Read_EDF_Battery	24	static
../Core/Src/main.c:1345:6:HAL_TIM_PeriodElapsedCallback	16	static
../Core/Src/main.c:1485:6:Error_Handler	4	static,ignoring_inline_asm
