../Core/Src/main.c:99:5:main	104	static
../Core/Src/main.c:196:6:SystemClock_Config	88	static
../Core/Src/main.c:242:13:MX_ADC1_Init	24	static
../Core/Src/main.c:303:13:MX_I2C3_Init	8	static
../Core/Src/main.c:337:13:MX_SPI1_Init	8	static
../Core/Src/main.c:375:13:MX_TIM1_Init	96	static
../Core/Src/main.c:454:13:MX_TIM2_Init	64	static
../Core/Src/main.c:517:13:MX_TIM3_Init	64	static
../Core/Src/main.c:588:13:MX_TIM4_Init	32	static
../Core/Src/main.c:633:13:MX_UART4_Init	8	static
../Core/Src/main.c:666:13:MX_GPIO_Init	48	static
../Core/Src/main.c:729:6:HAL_UART_RxCpltCallback	16	static
../Core/Src/main.c:738:10:ADC_Read_Main_Battery	24	static
../Core/Src/main.c:752:10:ADC_Read_EDF_Battery	24	static
../Core/Src/main.c:771:6:HAL_TIM_PeriodElapsedCallback	16	static
../Core/Src/main.c:807:6:Error_Handler	4	static,ignoring_inline_asm
