../Core/Src/MPU6050.c:21:9:MPU6050_ReadDeviceID	24	static
../Core/Src/MPU6050.c:46:9:MPU6050_Reset	24	static
../Core/Src/MPU6050.c:85:9:MPU6050_Init	24	static
../Core/Src/MPU6050.c:134:9:MPU6050_ReadFactoryTrim	24	static
../Core/Src/MPU6050.c:222:6:MPU6050_RawToDeg	40	static
../Core/Src/MPU6050.c:243:9:MPU6050_SelfTest	96	static
../Core/Src/MPU6050.c:381:9:MPU6050_ReadAllDirect	56	static
../Core/Src/MPU6050.c:451:9:MPU6050_ReadTemperatureDirect	32	static
../Core/Src/MPU6050.c:476:9:MPU6050_ReadGyroXDirect	32	static
../Core/Src/MPU6050.c:501:9:MPU6050_ReadGyroYDirect	32	static
../Core/Src/MPU6050.c:526:9:MPU6050_ReadGyroZDirect	32	static
../Core/Src/MPU6050.c:551:9:MPU6050_ReadAccelXDirect	32	static
../Core/Src/MPU6050.c:576:9:MPU6050_ReadAccelYDirect	32	static
../Core/Src/MPU6050.c:601:9:MPU6050_ReadAccelZDirect	32	static
../Core/Src/MPU6050.c:626:9:MPU6050_ReadFIFO	64	dynamic
../Core/Src/MPU6050.c:683:10:MPU6050_ReadBytesInFIFO	32	static
../Core/Src/MPU6050.c:707:19:MPU6050_ReadRegister	40	static
../Core/Src/MPU6050.c:711:19:MPU6050_ReadRegisters	40	static
../Core/Src/MPU6050.c:715:19:MPU6050_WriteRegister	32	static
